09:47:55 **** Build of configuration Debug for project midterm ****
make -j2 all 
arm-none-eabi-gcc "../Drivers/STM32F1xx_HAL_Driver/Src/stm32f1xx_hal.c" -mcpu=cortex-m3 -std=gnu11 -g3 -DDEBUG -DUSE_HAL_DRIVER -DSTM32F103x6 -c -I../Core/Inc -I../Drivers/STM32F1xx_HAL_Driver/Inc -I../Drivers/STM32F1xx_HAL_Driver/Inc/Legacy -I../Drivers/CMSIS/Device/ST/STM32F1xx/Include -I../Drivers/CMSIS/Include -O0 -ffunction-sections -fdata-sections -Wall -fstack-usage -MMD -MP -MF"Drivers/STM32F1xx_HAL_Driver/Src/stm32f1xx_hal.d" -MT"Drivers/STM32F1xx_HAL_Driver/Src/stm32f1xx_hal.o" --specs=nano.specs -mfloat-abi=soft -mthumb -o "Drivers/STM32F1xx_HAL_Driver/Src/stm32f1xx_hal.o"
arm-none-eabi-gcc "../Drivers/STM32F1xx_HAL_Driver/Src/stm32f1xx_hal_cortex.c" -mcpu=cortex-m3 -std=gnu11 -g3 -DDEBUG -DUSE_HAL_DRIVER -DSTM32F103x6 -c -I../Core/Inc -I../Drivers/STM32F1xx_HAL_Driver/Inc -I../Drivers/STM32F1xx_HAL_Driver/Inc/Legacy -I../Drivers/CMSIS/Device/ST/STM32F1xx/Include -I../Drivers/CMSIS/Include -O0 -ffunction-sections -fdata-sections -Wall -fstack-usage -MMD -MP -MF"Drivers/STM32F1xx_HAL_Driver/Src/stm32f1xx_hal_cortex.d" -MT"Drivers/STM32F1xx_HAL_Driver/Src/stm32f1xx_hal_cortex.o" --specs=nano.specs -mfloat-abi=soft -mthumb -o "Drivers/STM32F1xx_HAL_Driver/Src/stm32f1xx_hal_cortex.o"
arm-none-eabi-gcc "../Drivers/STM32F1xx_HAL_Driver/Src/stm32f1xx_hal_dma.c" -mcpu=cortex-m3 -std=gnu11 -g3 -DDEBUG -DUSE_HAL_DRIVER -DSTM32F103x6 -c -I../Core/Inc -I../Drivers/STM32F1xx_HAL_Driver/Inc -I../Drivers/STM32F1xx_HAL_Driver/Inc/Legacy -I../Drivers/CMSIS/Device/ST/STM32F1xx/Include -I../Drivers/CMSIS/Include -O0 -ffunction-sections -fdata-sections -Wall -fstack-usage -MMD -MP -MF"Drivers/STM32F1xx_HAL_Driver/Src/stm32f1xx_hal_dma.d" -MT"Drivers/STM32F1xx_HAL_Driver/Src/stm32f1xx_hal_dma.o" --specs=nano.specs -mfloat-abi=soft -mthumb -o "Drivers/STM32F1xx_HAL_Driver/Src/stm32f1xx_hal_dma.o"
arm-none-eabi-gcc "../Drivers/STM32F1xx_HAL_Driver/Src/stm32f1xx_hal_exti.c" -mcpu=cortex-m3 -std=gnu11 -g3 -DDEBUG -DUSE_HAL_DRIVER -DSTM32F103x6 -c -I../Core/Inc -I../Drivers/STM32F1xx_HAL_Driver/Inc -I../Drivers/STM32F1xx_HAL_Driver/Inc/Legacy -I../Drivers/CMSIS/Device/ST/STM32F1xx/Include -I../Drivers/CMSIS/Include -O0 -ffunction-sections -fdata-sections -Wall -fstack-usage -MMD -MP -MF"Drivers/STM32F1xx_HAL_Driver/Src/stm32f1xx_hal_exti.d" -MT"Drivers/STM32F1xx_HAL_Driver/Src/stm32f1xx_hal_exti.o" --specs=nano.specs -mfloat-abi=soft -mthumb -o "Drivers/STM32F1xx_HAL_Driver/Src/stm32f1xx_hal_exti.o"
arm-none-eabi-gcc "../Drivers/STM32F1xx_HAL_Driver/Src/stm32f1xx_hal_flash.c" -mcpu=cortex-m3 -std=gnu11 -g3 -DDEBUG -DUSE_HAL_DRIVER -DSTM32F103x6 -c -I../Core/Inc -I../Drivers/STM32F1xx_HAL_Driver/Inc -I../Drivers/STM32F1xx_HAL_Driver/Inc/Legacy -I../Drivers/CMSIS/Device/ST/STM32F1xx/Include -I../Drivers/CMSIS/Include -O0 -ffunction-sections -fdata-sections -Wall -fstack-usage -MMD -MP -MF"Drivers/STM32F1xx_HAL_Driver/Src/stm32f1xx_hal_flash.d" -MT"Drivers/STM32F1xx_HAL_Driver/Src/stm32f1xx_hal_flash.o" --specs=nano.specs -mfloat-abi=soft -mthumb -o "Drivers/STM32F1xx_HAL_Driver/Src/stm32f1xx_hal_flash.o"
arm-none-eabi-gcc "../Drivers/STM32F1xx_HAL_Driver/Src/stm32f1xx_hal_flash_ex.c" -mcpu=cortex-m3 -std=gnu11 -g3 -DDEBUG -DUSE_HAL_DRIVER -DSTM32F103x6 -c -I../Core/Inc -I../Drivers/STM32F1xx_HAL_Driver/Inc -I../Drivers/STM32F1xx_HAL_Driver/Inc/Legacy -I../Drivers/CMSIS/Device/ST/STM32F1xx/Include -I../Drivers/CMSIS/Include -O0 -ffunction-sections -fdata-sections -Wall -fstack-usage -MMD -MP -MF"Drivers/STM32F1xx_HAL_Driver/Src/stm32f1xx_hal_flash_ex.d" -MT"Drivers/STM32F1xx_HAL_Driver/Src/stm32f1xx_hal_flash_ex.o" --specs=nano.specs -mfloat-abi=soft -mthumb -o "Drivers/STM32F1xx_HAL_Driver/Src/stm32f1xx_hal_flash_ex.o"
arm-none-eabi-gcc "../Drivers/STM32F1xx_HAL_Driver/Src/stm32f1xx_hal_gpio.c" -mcpu=cortex-m3 -std=gnu11 -g3 -DDEBUG -DUSE_HAL_DRIVER -DSTM32F103x6 -c -I../Core/Inc -I../Drivers/STM32F1xx_HAL_Driver/Inc -I../Drivers/STM32F1xx_HAL_Driver/Inc/Legacy -I../Drivers/CMSIS/Device/ST/STM32F1xx/Include -I../Drivers/CMSIS/Include -O0 -ffunction-sections -fdata-sections -Wall -fstack-usage -MMD -MP -MF"Drivers/STM32F1xx_HAL_Driver/Src/stm32f1xx_hal_gpio.d" -MT"Drivers/STM32F1xx_HAL_Driver/Src/stm32f1xx_hal_gpio.o" --specs=nano.specs -mfloat-abi=soft -mthumb -o "Drivers/STM32F1xx_HAL_Driver/Src/stm32f1xx_hal_gpio.o"
arm-none-eabi-gcc "../Drivers/STM32F1xx_HAL_Driver/Src/stm32f1xx_hal_gpio_ex.c" -mcpu=cortex-m3 -std=gnu11 -g3 -DDEBUG -DUSE_HAL_DRIVER -DSTM32F103x6 -c -I../Core/Inc -I../Drivers/STM32F1xx_HAL_Driver/Inc -I../Drivers/STM32F1xx_HAL_Driver/Inc/Legacy -I../Drivers/CMSIS/Device/ST/STM32F1xx/Include -I../Drivers/CMSIS/Include -O0 -ffunction-sections -fdata-sections -Wall -fstack-usage -MMD -MP -MF"Drivers/STM32F1xx_HAL_Driver/Src/stm32f1xx_hal_gpio_ex.d" -MT"Drivers/STM32F1xx_HAL_Driver/Src/stm32f1xx_hal_gpio_ex.o" --specs=nano.specs -mfloat-abi=soft -mthumb -o "Drivers/STM32F1xx_HAL_Driver/Src/stm32f1xx_hal_gpio_ex.o"
arm-none-eabi-gcc "../Drivers/STM32F1xx_HAL_Driver/Src/stm32f1xx_hal_pwr.c" -mcpu=cortex-m3 -std=gnu11 -g3 -DDEBUG -DUSE_HAL_DRIVER -DSTM32F103x6 -c -I../Core/Inc -I../Drivers/STM32F1xx_HAL_Driver/Inc -I../Drivers/STM32F1xx_HAL_Driver/Inc/Legacy -I../Drivers/CMSIS/Device/ST/STM32F1xx/Include -I../Drivers/CMSIS/Include -O0 -ffunction-sections -fdata-sections -Wall -fstack-usage -MMD -MP -MF"Drivers/STM32F1xx_HAL_Driver/Src/stm32f1xx_hal_pwr.d" -MT"Drivers/STM32F1xx_HAL_Driver/Src/stm32f1xx_hal_pwr.o" --specs=nano.specs -mfloat-abi=soft -mthumb -o "Drivers/STM32F1xx_HAL_Driver/Src/stm32f1xx_hal_pwr.o"
arm-none-eabi-gcc "../Drivers/STM32F1xx_HAL_Driver/Src/stm32f1xx_hal_rcc.c" -mcpu=cortex-m3 -std=gnu11 -g3 -DDEBUG -DUSE_HAL_DRIVER -DSTM32F103x6 -c -I../Core/Inc -I../Drivers/STM32F1xx_HAL_Driver/Inc -I../Drivers/STM32F1xx_HAL_Driver/Inc/Legacy -I../Drivers/CMSIS/Device/ST/STM32F1xx/Include -I../Drivers/CMSIS/Include -O0 -ffunction-sections -fdata-sections -Wall -fstack-usage -MMD -MP -MF"Drivers/STM32F1xx_HAL_Driver/Src/stm32f1xx_hal_rcc.d" -MT"Drivers/STM32F1xx_HAL_Driver/Src/stm32f1xx_hal_rcc.o" --specs=nano.specs -mfloat-abi=soft -mthumb -o "Drivers/STM32F1xx_HAL_Driver/Src/stm32f1xx_hal_rcc.o"
arm-none-eabi-gcc "../Drivers/STM32F1xx_HAL_Driver/Src/stm32f1xx_hal_rcc_ex.c" -mcpu=cortex-m3 -std=gnu11 -g3 -DDEBUG -DUSE_HAL_DRIVER -DSTM32F103x6 -c -I../Core/Inc -I../Drivers/STM32F1xx_HAL_Driver/Inc -I../Drivers/STM32F1xx_HAL_Driver/Inc/Legacy -I../Drivers/CMSIS/Device/ST/STM32F1xx/Include -I../Drivers/CMSIS/Include -O0 -ffunction-sections -fdata-sections -Wall -fstack-usage -MMD -MP -MF"Drivers/STM32F1xx_HAL_Driver/Src/stm32f1xx_hal_rcc_ex.d" -MT"Drivers/STM32F1xx_HAL_Driver/Src/stm32f1xx_hal_rcc_ex.o" --specs=nano.specs -mfloat-abi=soft -mthumb -o "Drivers/STM32F1xx_HAL_Driver/Src/stm32f1xx_hal_rcc_ex.o"
arm-none-eabi-gcc "../Drivers/STM32F1xx_HAL_Driver/Src/stm32f1xx_hal_tim.c" -mcpu=cortex-m3 -std=gnu11 -g3 -DDEBUG -DUSE_HAL_DRIVER -DSTM32F103x6 -c -I../Core/Inc -I../Drivers/STM32F1xx_HAL_Driver/Inc -I../Drivers/STM32F1xx_HAL_Driver/Inc/Legacy -I../Drivers/CMSIS/Device/ST/STM32F1xx/Include -I../Drivers/CMSIS/Include -O0 -ffunction-sections -fdata-sections -Wall -fstack-usage -MMD -MP -MF"Drivers/STM32F1xx_HAL_Driver/Src/stm32f1xx_hal_tim.d" -MT"Drivers/STM32F1xx_HAL_Driver/Src/stm32f1xx_hal_tim.o" --specs=nano.specs -mfloat-abi=soft -mthumb -o "Drivers/STM32F1xx_HAL_Driver/Src/stm32f1xx_hal_tim.o"
arm-none-eabi-gcc "../Drivers/STM32F1xx_HAL_Driver/Src/stm32f1xx_hal_tim_ex.c" -mcpu=cortex-m3 -std=gnu11 -g3 -DDEBUG -DUSE_HAL_DRIVER -DSTM32F103x6 -c -I../Core/Inc -I../Drivers/STM32F1xx_HAL_Driver/Inc -I../Drivers/STM32F1xx_HAL_Driver/Inc/Legacy -I../Drivers/CMSIS/Device/ST/STM32F1xx/Include -I../Drivers/CMSIS/Include -O0 -ffunction-sections -fdata-sections -Wall -fstack-usage -MMD -MP -MF"Drivers/STM32F1xx_HAL_Driver/Src/stm32f1xx_hal_tim_ex.d" -MT"Drivers/STM32F1xx_HAL_Driver/Src/stm32f1xx_hal_tim_ex.o" --specs=nano.specs -mfloat-abi=soft -mthumb -o "Drivers/STM32F1xx_HAL_Driver/Src/stm32f1xx_hal_tim_ex.o"
arm-none-eabi-gcc -mcpu=cortex-m3 -g3 -DDEBUG -c -x assembler-with-cpp -MMD -MP -MF"Core/Startup/startup_stm32f103c6ux.d" -MT"Core/Startup/startup_stm32f103c6ux.o" --specs=nano.specs -mfloat-abi=soft -mthumb -o "Core/Startup/startup_stm32f103c6ux.o" "../Core/Startup/startup_stm32f103c6ux.s"
arm-none-eabi-gcc "../Core/Src/button.c" -mcpu=cortex-m3 -std=gnu11 -g3 -DDEBUG -DUSE_HAL_DRIVER -DSTM32F103x6 -c -I../Core/Inc -I../Drivers/STM32F1xx_HAL_Driver/Inc -I../Drivers/STM32F1xx_HAL_Driver/Inc/Legacy -I../Drivers/CMSIS/Device/ST/STM32F1xx/Include -I../Drivers/CMSIS/Include -O0 -ffunction-sections -fdata-sections -Wall -fstack-usage -MMD -MP -MF"Core/Src/button.d" -MT"Core/Src/button.o" --specs=nano.specs -mfloat-abi=soft -mthumb -o "Core/Src/button.o"
arm-none-eabi-gcc "../Core/Src/displayLED7.c" -mcpu=cortex-m3 -std=gnu11 -g3 -DDEBUG -DUSE_HAL_DRIVER -DSTM32F103x6 -c -I../Core/Inc -I../Drivers/STM32F1xx_HAL_Driver/Inc -I../Drivers/STM32F1xx_HAL_Driver/Inc/Legacy -I../Drivers/CMSIS/Device/ST/STM32F1xx/Include -I../Drivers/CMSIS/Include -O0 -ffunction-sections -fdata-sections -Wall -fstack-usage -MMD -MP -MF"Core/Src/displayLED7.d" -MT"Core/Src/displayLED7.o" --specs=nano.specs -mfloat-abi=soft -mthumb -o "Core/Src/displayLED7.o"
../Core/Src/displayLED7.c: In function 'display7SEG':
../Core/Src/displayLED7.c:13:21: error: 'SEG_A_GPIO_Port' undeclared (first use in this function); did you mean 'LED7_1_GPIO_Port'?
   13 |   HAL_GPIO_WritePin(SEG_A_GPIO_Port, SEG_A_Pin, RESET);
      |                     ^~~~~~~~~~~~~~~
      |                     LED7_1_GPIO_Port
../Core/Src/displayLED7.c:13:21: note: each undeclared identifier is reported only once for each function it appears in
../Core/Src/displayLED7.c:13:38: error: 'SEG_A_Pin' undeclared (first use in this function)
   13 |   HAL_GPIO_WritePin(SEG_A_GPIO_Port, SEG_A_Pin, RESET);
      |                                      ^~~~~~~~~
../Core/Src/displayLED7.c:14:21: error: 'SEG_B_GPIO_Port' undeclared (first use in this function); did you mean 'LED7_1_GPIO_Port'?
   14 |   HAL_GPIO_WritePin(SEG_B_GPIO_Port, SEG_B_Pin, RESET);
      |                     ^~~~~~~~~~~~~~~
      |                     LED7_1_GPIO_Port
../Core/Src/displayLED7.c:14:38: error: 'SEG_B_Pin' undeclared (first use in this function)
   14 |   HAL_GPIO_WritePin(SEG_B_GPIO_Port, SEG_B_Pin, RESET);
      |                                      ^~~~~~~~~
../Core/Src/displayLED7.c:15:21: error: 'SEG_C_GPIO_Port' undeclared (first use in this function); did you mean 'DEC_GPIO_Port'?
   15 |   HAL_GPIO_WritePin(SEG_C_GPIO_Port, SEG_C_Pin, RESET);
      |                     ^~~~~~~~~~~~~~~
      |                     DEC_GPIO_Port
../Core/Src/displayLED7.c:15:38: error: 'SEG_C_Pin' undeclared (first use in this function); did you mean 'DEC_Pin'?
   15 |   HAL_GPIO_WritePin(SEG_C_GPIO_Port, SEG_C_Pin, RESET);
      |                                      ^~~~~~~~~
      |                                      DEC_Pin
../Core/Src/displayLED7.c:16:21: error: 'SEG_D_GPIO_Port' undeclared (first use in this function); did you mean 'LED7_1_GPIO_Port'?
   16 |   HAL_GPIO_WritePin(SEG_D_GPIO_Port, SEG_D_Pin, RESET);
      |                     ^~~~~~~~~~~~~~~
      |                     LED7_1_GPIO_Port
../Core/Src/displayLED7.c:16:38: error: 'SEG_D_Pin' undeclared (first use in this function)
   16 |   HAL_GPIO_WritePin(SEG_D_GPIO_Port, SEG_D_Pin, RESET);
      |                                      ^~~~~~~~~
../Core/Src/displayLED7.c:17:21: error: 'SEG_E_GPIO_Port' undeclared (first use in this function); did you mean 'LED7_1_GPIO_Port'?
   17 |   HAL_GPIO_WritePin(SEG_E_GPIO_Port, SEG_E_Pin, RESET);
      |                     ^~~~~~~~~~~~~~~
      |                     LED7_1_GPIO_Port
../Core/Src/displayLED7.c:17:38: error: 'SEG_E_Pin' undeclared (first use in this function)
   17 |   HAL_GPIO_WritePin(SEG_E_GPIO_Port, SEG_E_Pin, RESET);
      |                                      ^~~~~~~~~
../Core/Src/displayLED7.c:18:21: error: 'SEG_F_GPIO_Port' undeclared (first use in this function); did you mean 'LED7_1_GPIO_Port'?
   18 |   HAL_GPIO_WritePin(SEG_F_GPIO_Port, SEG_F_Pin, RESET);
      |                     ^~~~~~~~~~~~~~~
      |                     LED7_1_GPIO_Port
../Core/Src/displayLED7.c:18:38: error: 'SEG_F_Pin' undeclared (first use in this function)
   18 |   HAL_GPIO_WritePin(SEG_F_GPIO_Port, SEG_F_Pin, RESET);
      |                                      ^~~~~~~~~
../Core/Src/displayLED7.c:19:21: error: 'SEG_G_GPIO_Port' undeclared (first use in this function); did you mean 'LED7_1_GPIO_Port'?
   19 |   HAL_GPIO_WritePin(SEG_G_GPIO_Port, SEG_G_Pin, SET);
      |                     ^~~~~~~~~~~~~~~
      |                     LED7_1_GPIO_Port
../Core/Src/displayLED7.c:19:38: error: 'SEG_G_Pin' undeclared (first use in this function)
   19 |   HAL_GPIO_WritePin(SEG_G_GPIO_Port, SEG_G_Pin, SET);
      |                                      ^~~~~~~~~
../Core/Src/displayLED7.c: In function 'clearScreen':
../Core/Src/displayLED7.c:104:20: error: 'SEG_A_GPIO_Port' undeclared (first use in this function); did you mean 'LED7_1_GPIO_Port'?
  104 |  HAL_GPIO_WritePin(SEG_A_GPIO_Port, SEG_A_Pin, SET);
      |                    ^~~~~~~~~~~~~~~
      |                    LED7_1_GPIO_Port
../Core/Src/displayLED7.c:104:37: error: 'SEG_A_Pin' undeclared (first use in this function)
  104 |  HAL_GPIO_WritePin(SEG_A_GPIO_Port, SEG_A_Pin, SET);
      |                                     ^~~~~~~~~
arm-none-eabi-gcc "../Core/Src/fsm_simplebutton.c" -mcpu=cortex-m3 -std=gnu11 -g3 -DDEBUG -DUSE_HAL_DRIVER -DSTM32F103x6 -c -I../Core/Inc -I../Drivers/STM32F1xx_HAL_Driver/Inc -I../Drivers/STM32F1xx_HAL_Driver/Inc/Legacy -I../Drivers/CMSIS/Device/ST/STM32F1xx/Include -I../Drivers/CMSIS/Include -O0 -ffunction-sections -fdata-sections -Wall -fstack-usage -MMD -MP -MF"Core/Src/fsm_simplebutton.d" -MT"Core/Src/fsm_simplebutton.o" --specs=nano.specs -mfloat-abi=soft -mthumb -o "Core/Src/fsm_simplebutton.o"
../Core/Src/displayLED7.c:105:20: error: 'SEG_B_GPIO_Port' undeclared (first use in this function); did you mean 'LED7_1_GPIO_Port'?
  105 |  HAL_GPIO_WritePin(SEG_B_GPIO_Port, SEG_B_Pin, SET);
      |                    ^~~~~~~~~~~~~~~
      |                    LED7_1_GPIO_Port
../Core/Src/displayLED7.c:105:37: error: 'SEG_B_Pin' undeclared (first use in this function)
  105 |  HAL_GPIO_WritePin(SEG_B_GPIO_Port, SEG_B_Pin, SET);
      |                                     ^~~~~~~~~
../Core/Src/displayLED7.c:106:20: error: 'SEG_C_GPIO_Port' undeclared (first use in this function); did you mean 'DEC_GPIO_Port'?
  106 |  HAL_GPIO_WritePin(SEG_C_GPIO_Port, SEG_C_Pin, SET);
      |                    ^~~~~~~~~~~~~~~
      |                    DEC_GPIO_Port
../Core/Src/displayLED7.c:106:37: error: 'SEG_C_Pin' undeclared (first use in this function); did you mean 'DEC_Pin'?
  106 |  HAL_GPIO_WritePin(SEG_C_GPIO_Port, SEG_C_Pin, SET);
      |                                     ^~~~~~~~~
      |                                     DEC_Pin
../Core/Src/displayLED7.c:107:20: error: 'SEG_D_GPIO_Port' undeclared (first use in this function); did you mean 'LED7_1_GPIO_Port'?
  107 |  HAL_GPIO_WritePin(SEG_D_GPIO_Port, SEG_D_Pin, SET);
      |                    ^~~~~~~~~~~~~~~
      |                    LED7_1_GPIO_Port
../Core/Src/displayLED7.c:107:37: error: 'SEG_D_Pin' undeclared (first use in this function)
  107 |  HAL_GPIO_WritePin(SEG_D_GPIO_Port, SEG_D_Pin, SET);
      |                                     ^~~~~~~~~
../Core/Src/displayLED7.c:108:20: error: 'SEG_E_GPIO_Port' undeclared (first use in this function); did you mean 'LED7_1_GPIO_Port'?
  108 |  HAL_GPIO_WritePin(SEG_E_GPIO_Port, SEG_E_Pin, SET);
      |                    ^~~~~~~~~~~~~~~
      |                    LED7_1_GPIO_Port
../Core/Src/displayLED7.c:108:37: error: 'SEG_E_Pin' undeclared (first use in this function)
  108 |  HAL_GPIO_WritePin(SEG_E_GPIO_Port, SEG_E_Pin, SET);
      |                                     ^~~~~~~~~
../Core/Src/displayLED7.c:109:20: error: 'SEG_F_GPIO_Port' undeclared (first use in this function); did you mean 'LED7_1_GPIO_Port'?
  109 |  HAL_GPIO_WritePin(SEG_F_GPIO_Port, SEG_F_Pin, SET);
      |                    ^~~~~~~~~~~~~~~
      |                    LED7_1_GPIO_Port
../Core/Src/displayLED7.c:109:37: error: 'SEG_F_Pin' undeclared (first use in this function)
  109 |  HAL_GPIO_WritePin(SEG_F_GPIO_Port, SEG_F_Pin, SET);
      |                                     ^~~~~~~~~
../Core/Src/displayLED7.c:110:20: error: 'SEG_G_GPIO_Port' undeclared (first use in this function); did you mean 'LED7_1_GPIO_Port'?
  110 |  HAL_GPIO_WritePin(SEG_G_GPIO_Port, SEG_G_Pin, SET);
      |                    ^~~~~~~~~~~~~~~
      |                    LED7_1_GPIO_Port
../Core/Src/displayLED7.c:110:37: error: 'SEG_G_Pin' undeclared (first use in this function)
  110 |  HAL_GPIO_WritePin(SEG_G_GPIO_Port, SEG_G_Pin, SET);
      |                                     ^~~~~~~~~
make: *** [Core/Src/subdir.mk:49: Core/Src/displayLED7.o] Error 1
make: *** Waiting for unfinished jobs....
"make -j2 all" terminated with exit code 2. Build might be incomplete.
09:49:39 **** Incremental Build of configuration Debug for project midterm ****
make -j2 all 
arm-none-eabi-gcc "../Core/Src/displayLED7.c" -mcpu=cortex-m3 -std=gnu11 -g3 -DDEBUG -DUSE_HAL_DRIVER -DSTM32F103x6 -c -I../Core/Inc -I../Drivers/STM32F1xx_HAL_Driver/Inc -I../Drivers/STM32F1xx_HAL_Driver/Inc/Legacy -I../Drivers/CMSIS/Device/ST/STM32F1xx/Include -I../Drivers/CMSIS/Include -O0 -ffunction-sections -fdata-sections -Wall -fstack-usage -MMD -MP -MF"Core/Src/displayLED7.d" -MT"Core/Src/displayLED7.o" --specs=nano.specs -mfloat-abi=soft -mthumb -o "Core/Src/displayLED7.o"
arm-none-eabi-gcc "../Core/Src/global.c" -mcpu=cortex-m3 -std=gnu11 -g3 -DDEBUG -DUSE_HAL_DRIVER -DSTM32F103x6 -c -I../Core/Inc -I../Drivers/STM32F1xx_HAL_Driver/Inc -I../Drivers/STM32F1xx_HAL_Driver/Inc/Legacy -I../Drivers/CMSIS/Device/ST/STM32F1xx/Include -I../Drivers/CMSIS/Include -O0 -ffunction-sections -fdata-sections -Wall -fstack-usage -MMD -MP -MF"Core/Src/global.d" -MT"Core/Src/global.o" --specs=nano.specs -mfloat-abi=soft -mthumb -o "Core/Src/global.o"
../Core/Src/displayLED7.c: In function 'display7SEG':
../Core/Src/displayLED7.c:13:21: error: 'LED7_0_GPIO_Port' undeclared (first use in this function); did you mean 'LED7_1_GPIO_Port'?
   13 |   HAL_GPIO_WritePin(LED7_0_GPIO_Port, LED7_0_Pin, RESET);
      |                     ^~~~~~~~~~~~~~~~
      |                     LED7_1_GPIO_Port
../Core/Src/displayLED7.c:13:21: note: each undeclared identifier is reported only once for each function it appears in
../Core/Src/displayLED7.c:13:39: error: 'LED7_0_Pin' undeclared (first use in this function); did you mean 'LED7_3_Pin'?
   13 |   HAL_GPIO_WritePin(LED7_0_GPIO_Port, LED7_0_Pin, RESET);
      |                                       ^~~~~~~~~~
      |                                       LED7_3_Pin
../Core/Src/displayLED7.c: In function 'clearScreen':
../Core/Src/displayLED7.c:104:20: error: 'LED7_0_GPIO_Port' undeclared (first use in this function); did you mean 'LED7_1_GPIO_Port'?
  104 |  HAL_GPIO_WritePin(LED7_0_GPIO_Port, LED7_0_Pin, SET);
      |                    ^~~~~~~~~~~~~~~~
      |                    LED7_1_GPIO_Port
../Core/Src/displayLED7.c:104:38: error: 'LED7_0_Pin' undeclared (first use in this function); did you mean 'LED7_3_Pin'?
  104 |  HAL_GPIO_WritePin(LED7_0_GPIO_Port, LED7_0_Pin, SET);
      |                                      ^~~~~~~~~~
      |                                      LED7_3_Pin
make: *** [Core/Src/subdir.mk:49: Core/Src/displayLED7.o] Error 1
make: *** Waiting for unfinished jobs....
"make -j2 all" terminated with exit code 2. Build might be incomplete.
09:51:25 **** Incremental Build of configuration Debug for project midterm ****
make -j2 all 
arm-none-eabi-gcc "../Drivers/STM32F1xx_HAL_Driver/Src/stm32f1xx_hal.c" -mcpu=cortex-m3 -std=gnu11 -g3 -DDEBUG -DUSE_HAL_DRIVER -DSTM32F103x6 -c -I../Core/Inc -I../Drivers/STM32F1xx_HAL_Driver/Inc -I../Drivers/STM32F1xx_HAL_Driver/Inc/Legacy -I../Drivers/CMSIS/Device/ST/STM32F1xx/Include -I../Drivers/CMSIS/Include -O0 -ffunction-sections -fdata-sections -Wall -fstack-usage -MMD -MP -MF"Drivers/STM32F1xx_HAL_Driver/Src/stm32f1xx_hal.d" -MT"Drivers/STM32F1xx_HAL_Driver/Src/stm32f1xx_hal.o" --specs=nano.specs -mfloat-abi=soft -mthumb -o "Drivers/STM32F1xx_HAL_Driver/Src/stm32f1xx_hal.o"
arm-none-eabi-gcc "../Drivers/STM32F1xx_HAL_Driver/Src/stm32f1xx_hal_cortex.c" -mcpu=cortex-m3 -std=gnu11 -g3 -DDEBUG -DUSE_HAL_DRIVER -DSTM32F103x6 -c -I../Core/Inc -I../Drivers/STM32F1xx_HAL_Driver/Inc -I../Drivers/STM32F1xx_HAL_Driver/Inc/Legacy -I../Drivers/CMSIS/Device/ST/STM32F1xx/Include -I../Drivers/CMSIS/Include -O0 -ffunction-sections -fdata-sections -Wall -fstack-usage -MMD -MP -MF"Drivers/STM32F1xx_HAL_Driver/Src/stm32f1xx_hal_cortex.d" -MT"Drivers/STM32F1xx_HAL_Driver/Src/stm32f1xx_hal_cortex.o" --specs=nano.specs -mfloat-abi=soft -mthumb -o "Drivers/STM32F1xx_HAL_Driver/Src/stm32f1xx_hal_cortex.o"
arm-none-eabi-gcc "../Drivers/STM32F1xx_HAL_Driver/Src/stm32f1xx_hal_dma.c" -mcpu=cortex-m3 -std=gnu11 -g3 -DDEBUG -DUSE_HAL_DRIVER -DSTM32F103x6 -c -I../Core/Inc -I../Drivers/STM32F1xx_HAL_Driver/Inc -I../Drivers/STM32F1xx_HAL_Driver/Inc/Legacy -I../Drivers/CMSIS/Device/ST/STM32F1xx/Include -I../Drivers/CMSIS/Include -O0 -ffunction-sections -fdata-sections -Wall -fstack-usage -MMD -MP -MF"Drivers/STM32F1xx_HAL_Driver/Src/stm32f1xx_hal_dma.d" -MT"Drivers/STM32F1xx_HAL_Driver/Src/stm32f1xx_hal_dma.o" --specs=nano.specs -mfloat-abi=soft -mthumb -o "Drivers/STM32F1xx_HAL_Driver/Src/stm32f1xx_hal_dma.o"
arm-none-eabi-gcc "../Drivers/STM32F1xx_HAL_Driver/Src/stm32f1xx_hal_exti.c" -mcpu=cortex-m3 -std=gnu11 -g3 -DDEBUG -DUSE_HAL_DRIVER -DSTM32F103x6 -c -I../Core/Inc -I../Drivers/STM32F1xx_HAL_Driver/Inc -I../Drivers/STM32F1xx_HAL_Driver/Inc/Legacy -I../Drivers/CMSIS/Device/ST/STM32F1xx/Include -I../Drivers/CMSIS/Include -O0 -ffunction-sections -fdata-sections -Wall -fstack-usage -MMD -MP -MF"Drivers/STM32F1xx_HAL_Driver/Src/stm32f1xx_hal_exti.d" -MT"Drivers/STM32F1xx_HAL_Driver/Src/stm32f1xx_hal_exti.o" --specs=nano.specs -mfloat-abi=soft -mthumb -o "Drivers/STM32F1xx_HAL_Driver/Src/stm32f1xx_hal_exti.o"
arm-none-eabi-gcc "../Drivers/STM32F1xx_HAL_Driver/Src/stm32f1xx_hal_flash.c" -mcpu=cortex-m3 -std=gnu11 -g3 -DDEBUG -DUSE_HAL_DRIVER -DSTM32F103x6 -c -I../Core/Inc -I../Drivers/STM32F1xx_HAL_Driver/Inc -I../Drivers/STM32F1xx_HAL_Driver/Inc/Legacy -I../Drivers/CMSIS/Device/ST/STM32F1xx/Include -I../Drivers/CMSIS/Include -O0 -ffunction-sections -fdata-sections -Wall -fstack-usage -MMD -MP -MF"Drivers/STM32F1xx_HAL_Driver/Src/stm32f1xx_hal_flash.d" -MT"Drivers/STM32F1xx_HAL_Driver/Src/stm32f1xx_hal_flash.o" --specs=nano.specs -mfloat-abi=soft -mthumb -o "Drivers/STM32F1xx_HAL_Driver/Src/stm32f1xx_hal_flash.o"
arm-none-eabi-gcc "../Drivers/STM32F1xx_HAL_Driver/Src/stm32f1xx_hal_flash_ex.c" -mcpu=cortex-m3 -std=gnu11 -g3 -DDEBUG -DUSE_HAL_DRIVER -DSTM32F103x6 -c -I../Core/Inc -I../Drivers/STM32F1xx_HAL_Driver/Inc -I../Drivers/STM32F1xx_HAL_Driver/Inc/Legacy -I../Drivers/CMSIS/Device/ST/STM32F1xx/Include -I../Drivers/CMSIS/Include -O0 -ffunction-sections -fdata-sections -Wall -fstack-usage -MMD -MP -MF"Drivers/STM32F1xx_HAL_Driver/Src/stm32f1xx_hal_flash_ex.d" -MT"Drivers/STM32F1xx_HAL_Driver/Src/stm32f1xx_hal_flash_ex.o" --specs=nano.specs -mfloat-abi=soft -mthumb -o "Drivers/STM32F1xx_HAL_Driver/Src/stm32f1xx_hal_flash_ex.o"
arm-none-eabi-gcc "../Drivers/STM32F1xx_HAL_Driver/Src/stm32f1xx_hal_gpio.c" -mcpu=cortex-m3 -std=gnu11 -g3 -DDEBUG -DUSE_HAL_DRIVER -DSTM32F103x6 -c -I../Core/Inc -I../Drivers/STM32F1xx_HAL_Driver/Inc -I../Drivers/STM32F1xx_HAL_Driver/Inc/Legacy -I../Drivers/CMSIS/Device/ST/STM32F1xx/Include -I../Drivers/CMSIS/Include -O0 -ffunction-sections -fdata-sections -Wall -fstack-usage -MMD -MP -MF"Drivers/STM32F1xx_HAL_Driver/Src/stm32f1xx_hal_gpio.d" -MT"Drivers/STM32F1xx_HAL_Driver/Src/stm32f1xx_hal_gpio.o" --specs=nano.specs -mfloat-abi=soft -mthumb -o "Drivers/STM32F1xx_HAL_Driver/Src/stm32f1xx_hal_gpio.o"
arm-none-eabi-gcc "../Drivers/STM32F1xx_HAL_Driver/Src/stm32f1xx_hal_gpio_ex.c" -mcpu=cortex-m3 -std=gnu11 -g3 -DDEBUG -DUSE_HAL_DRIVER -DSTM32F103x6 -c -I../Core/Inc -I../Drivers/STM32F1xx_HAL_Driver/Inc -I../Drivers/STM32F1xx_HAL_Driver/Inc/Legacy -I../Drivers/CMSIS/Device/ST/STM32F1xx/Include -I../Drivers/CMSIS/Include -O0 -ffunction-sections -fdata-sections -Wall -fstack-usage -MMD -MP -MF"Drivers/STM32F1xx_HAL_Driver/Src/stm32f1xx_hal_gpio_ex.d" -MT"Drivers/STM32F1xx_HAL_Driver/Src/stm32f1xx_hal_gpio_ex.o" --specs=nano.specs -mfloat-abi=soft -mthumb -o "Drivers/STM32F1xx_HAL_Driver/Src/stm32f1xx_hal_gpio_ex.o"
arm-none-eabi-gcc "../Drivers/STM32F1xx_HAL_Driver/Src/stm32f1xx_hal_pwr.c" -mcpu=cortex-m3 -std=gnu11 -g3 -DDEBUG -DUSE_HAL_DRIVER -DSTM32F103x6 -c -I../Core/Inc -I../Drivers/STM32F1xx_HAL_Driver/Inc -I../Drivers/STM32F1xx_HAL_Driver/Inc/Legacy -I../Drivers/CMSIS/Device/ST/STM32F1xx/Include -I../Drivers/CMSIS/Include -O0 -ffunction-sections -fdata-sections -Wall -fstack-usage -MMD -MP -MF"Drivers/STM32F1xx_HAL_Driver/Src/stm32f1xx_hal_pwr.d" -MT"Drivers/STM32F1xx_HAL_Driver/Src/stm32f1xx_hal_pwr.o" --specs=nano.specs -mfloat-abi=soft -mthumb -o "Drivers/STM32F1xx_HAL_Driver/Src/stm32f1xx_hal_pwr.o"
arm-none-eabi-gcc "../Drivers/STM32F1xx_HAL_Driver/Src/stm32f1xx_hal_rcc.c" -mcpu=cortex-m3 -std=gnu11 -g3 -DDEBUG -DUSE_HAL_DRIVER -DSTM32F103x6 -c -I../Core/Inc -I../Drivers/STM32F1xx_HAL_Driver/Inc -I../Drivers/STM32F1xx_HAL_Driver/Inc/Legacy -I../Drivers/CMSIS/Device/ST/STM32F1xx/Include -I../Drivers/CMSIS/Include -O0 -ffunction-sections -fdata-sections -Wall -fstack-usage -MMD -MP -MF"Drivers/STM32F1xx_HAL_Driver/Src/stm32f1xx_hal_rcc.d" -MT"Drivers/STM32F1xx_HAL_Driver/Src/stm32f1xx_hal_rcc.o" --specs=nano.specs -mfloat-abi=soft -mthumb -o "Drivers/STM32F1xx_HAL_Driver/Src/stm32f1xx_hal_rcc.o"
arm-none-eabi-gcc "../Drivers/STM32F1xx_HAL_Driver/Src/stm32f1xx_hal_rcc_ex.c" -mcpu=cortex-m3 -std=gnu11 -g3 -DDEBUG -DUSE_HAL_DRIVER -DSTM32F103x6 -c -I../Core/Inc -I../Drivers/STM32F1xx_HAL_Driver/Inc -I../Drivers/STM32F1xx_HAL_Driver/Inc/Legacy -I../Drivers/CMSIS/Device/ST/STM32F1xx/Include -I../Drivers/CMSIS/Include -O0 -ffunction-sections -fdata-sections -Wall -fstack-usage -MMD -MP -MF"Drivers/STM32F1xx_HAL_Driver/Src/stm32f1xx_hal_rcc_ex.d" -MT"Drivers/STM32F1xx_HAL_Driver/Src/stm32f1xx_hal_rcc_ex.o" --specs=nano.specs -mfloat-abi=soft -mthumb -o "Drivers/STM32F1xx_HAL_Driver/Src/stm32f1xx_hal_rcc_ex.o"
arm-none-eabi-gcc "../Drivers/STM32F1xx_HAL_Driver/Src/stm32f1xx_hal_tim.c" -mcpu=cortex-m3 -std=gnu11 -g3 -DDEBUG -DUSE_HAL_DRIVER -DSTM32F103x6 -c -I../Core/Inc -I../Drivers/STM32F1xx_HAL_Driver/Inc -I../Drivers/STM32F1xx_HAL_Driver/Inc/Legacy -I../Drivers/CMSIS/Device/ST/STM32F1xx/Include -I../Drivers/CMSIS/Include -O0 -ffunction-sections -fdata-sections -Wall -fstack-usage -MMD -MP -MF"Drivers/STM32F1xx_HAL_Driver/Src/stm32f1xx_hal_tim.d" -MT"Drivers/STM32F1xx_HAL_Driver/Src/stm32f1xx_hal_tim.o" --specs=nano.specs -mfloat-abi=soft -mthumb -o "Drivers/STM32F1xx_HAL_Driver/Src/stm32f1xx_hal_tim.o"
arm-none-eabi-gcc "../Drivers/STM32F1xx_HAL_Driver/Src/stm32f1xx_hal_tim_ex.c" -mcpu=cortex-m3 -std=gnu11 -g3 -DDEBUG -DUSE_HAL_DRIVER -DSTM32F103x6 -c -I../Core/Inc -I../Drivers/STM32F1xx_HAL_Driver/Inc -I../Drivers/STM32F1xx_HAL_Driver/Inc/Legacy -I../Drivers/CMSIS/Device/ST/STM32F1xx/Include -I../Drivers/CMSIS/Include -O0 -ffunction-sections -fdata-sections -Wall -fstack-usage -MMD -MP -MF"Drivers/STM32F1xx_HAL_Driver/Src/stm32f1xx_hal_tim_ex.d" -MT"Drivers/STM32F1xx_HAL_Driver/Src/stm32f1xx_hal_tim_ex.o" --specs=nano.specs -mfloat-abi=soft -mthumb -o "Drivers/STM32F1xx_HAL_Driver/Src/stm32f1xx_hal_tim_ex.o"
arm-none-eabi-gcc "../Core/Src/button.c" -mcpu=cortex-m3 -std=gnu11 -g3 -DDEBUG -DUSE_HAL_DRIVER -DSTM32F103x6 -c -I../Core/Inc -I../Drivers/STM32F1xx_HAL_Driver/Inc -I../Drivers/STM32F1xx_HAL_Driver/Inc/Legacy -I../Drivers/CMSIS/Device/ST/STM32F1xx/Include -I../Drivers/CMSIS/Include -O0 -ffunction-sections -fdata-sections -Wall -fstack-usage -MMD -MP -MF"Core/Src/button.d" -MT"Core/Src/button.o" --specs=nano.specs -mfloat-abi=soft -mthumb -o "Core/Src/button.o"
arm-none-eabi-gcc "../Core/Src/displayLED7.c" -mcpu=cortex-m3 -std=gnu11 -g3 -DDEBUG -DUSE_HAL_DRIVER -DSTM32F103x6 -c -I../Core/Inc -I../Drivers/STM32F1xx_HAL_Driver/Inc -I../Drivers/STM32F1xx_HAL_Driver/Inc/Legacy -I../Drivers/CMSIS/Device/ST/STM32F1xx/Include -I../Drivers/CMSIS/Include -O0 -ffunction-sections -fdata-sections -Wall -fstack-usage -MMD -MP -MF"Core/Src/displayLED7.d" -MT"Core/Src/displayLED7.o" --specs=nano.specs -mfloat-abi=soft -mthumb -o "Core/Src/displayLED7.o"
arm-none-eabi-gcc "../Core/Src/fsm_simplebutton.c" -mcpu=cortex-m3 -std=gnu11 -g3 -DDEBUG -DUSE_HAL_DRIVER -DSTM32F103x6 -c -I../Core/Inc -I../Drivers/STM32F1xx_HAL_Driver/Inc -I../Drivers/STM32F1xx_HAL_Driver/Inc/Legacy -I../Drivers/CMSIS/Device/ST/STM32F1xx/Include -I../Drivers/CMSIS/Include -O0 -ffunction-sections -fdata-sections -Wall -fstack-usage -MMD -MP -MF"Core/Src/fsm_simplebutton.d" -MT"Core/Src/fsm_simplebutton.o" --specs=nano.specs -mfloat-abi=soft -mthumb -o "Core/Src/fsm_simplebutton.o"
arm-none-eabi-gcc "../Core/Src/global.c" -mcpu=cortex-m3 -std=gnu11 -g3 -DDEBUG -DUSE_HAL_DRIVER -DSTM32F103x6 -c -I../Core/Inc -I../Drivers/STM32F1xx_HAL_Driver/Inc -I../Drivers/STM32F1xx_HAL_Driver/Inc/Legacy -I../Drivers/CMSIS/Device/ST/STM32F1xx/Include -I../Drivers/CMSIS/Include -O0 -ffunction-sections -fdata-sections -Wall -fstack-usage -MMD -MP -MF"Core/Src/global.d" -MT"Core/Src/global.o" --specs=nano.specs -mfloat-abi=soft -mthumb -o "Core/Src/global.o"
arm-none-eabi-gcc "../Core/Src/main.c" -mcpu=cortex-m3 -std=gnu11 -g3 -DDEBUG -DUSE_HAL_DRIVER -DSTM32F103x6 -c -I../Core/Inc -I../Drivers/STM32F1xx_HAL_Driver/Inc -I../Drivers/STM32F1xx_HAL_Driver/Inc/Legacy -I../Drivers/CMSIS/Device/ST/STM32F1xx/Include -I../Drivers/CMSIS/Include -O0 -ffunction-sections -fdata-sections -Wall -fstack-usage -MMD -MP -MF"Core/Src/main.d" -MT"Core/Src/main.o" --specs=nano.specs -mfloat-abi=soft -mthumb -o "Core/Src/main.o"
arm-none-eabi-gcc "../Core/Src/software_timer.c" -mcpu=cortex-m3 -std=gnu11 -g3 -DDEBUG -DUSE_HAL_DRIVER -DSTM32F103x6 -c -I../Core/Inc -I../Drivers/STM32F1xx_HAL_Driver/Inc -I../Drivers/STM32F1xx_HAL_Driver/Inc/Legacy -I../Drivers/CMSIS/Device/ST/STM32F1xx/Include -I../Drivers/CMSIS/Include -O0 -ffunction-sections -fdata-sections -Wall -fstack-usage -MMD -MP -MF"Core/Src/software_timer.d" -MT"Core/Src/software_timer.o" --specs=nano.specs -mfloat-abi=soft -mthumb -o "Core/Src/software_timer.o"
../Core/Src/main.c: In function 'HAL_TIM_PeriodElapsedCallback':
../Core/Src/main.c:232:2: warning: implicit declaration of function 'timerRun' [-Wimplicit-function-declaration]
  232 |  timerRun();
      |  ^~~~~~~~
../Core/Src/main.c:233:2: warning: implicit declaration of function 'getKeyInput' [-Wimplicit-function-declaration]
  233 |  getKeyInput();
      |  ^~~~~~~~~~~
arm-none-eabi-gcc "../Core/Src/stm32f1xx_hal_msp.c" -mcpu=cortex-m3 -std=gnu11 -g3 -DDEBUG -DUSE_HAL_DRIVER -DSTM32F103x6 -c -I../Core/Inc -I../Drivers/STM32F1xx_HAL_Driver/Inc -I../Drivers/STM32F1xx_HAL_Driver/Inc/Legacy -I../Drivers/CMSIS/Device/ST/STM32F1xx/Include -I../Drivers/CMSIS/Include -O0 -ffunction-sections -fdata-sections -Wall -fstack-usage -MMD -MP -MF"Core/Src/stm32f1xx_hal_msp.d" -MT"Core/Src/stm32f1xx_hal_msp.o" --specs=nano.specs -mfloat-abi=soft -mthumb -o "Core/Src/stm32f1xx_hal_msp.o"
arm-none-eabi-gcc "../Core/Src/stm32f1xx_it.c" -mcpu=cortex-m3 -std=gnu11 -g3 -DDEBUG -DUSE_HAL_DRIVER -DSTM32F103x6 -c -I../Core/Inc -I../Drivers/STM32F1xx_HAL_Driver/Inc -I../Drivers/STM32F1xx_HAL_Driver/Inc/Legacy -I../Drivers/CMSIS/Device/ST/STM32F1xx/Include -I../Drivers/CMSIS/Include -O0 -ffunction-sections -fdata-sections -Wall -fstack-usage -MMD -MP -MF"Core/Src/stm32f1xx_it.d" -MT"Core/Src/stm32f1xx_it.o" --specs=nano.specs -mfloat-abi=soft -mthumb -o "Core/Src/stm32f1xx_it.o"
arm-none-eabi-gcc "../Core/Src/syscalls.c" -mcpu=cortex-m3 -std=gnu11 -g3 -DDEBUG -DUSE_HAL_DRIVER -DSTM32F103x6 -c -I../Core/Inc -I../Drivers/STM32F1xx_HAL_Driver/Inc -I../Drivers/STM32F1xx_HAL_Driver/Inc/Legacy -I../Drivers/CMSIS/Device/ST/STM32F1xx/Include -I../Drivers/CMSIS/Include -O0 -ffunction-sections -fdata-sections -Wall -fstack-usage -MMD -MP -MF"Core/Src/syscalls.d" -MT"Core/Src/syscalls.o" --specs=nano.specs -mfloat-abi=soft -mthumb -o "Core/Src/syscalls.o"
arm-none-eabi-gcc "../Core/Src/sysmem.c" -mcpu=cortex-m3 -std=gnu11 -g3 -DDEBUG -DUSE_HAL_DRIVER -DSTM32F103x6 -c -I../Core/Inc -I../Drivers/STM32F1xx_HAL_Driver/Inc -I../Drivers/STM32F1xx_HAL_Driver/Inc/Legacy -I../Drivers/CMSIS/Device/ST/STM32F1xx/Include -I../Drivers/CMSIS/Include -O0 -ffunction-sections -fdata-sections -Wall -fstack-usage -MMD -MP -MF"Core/Src/sysmem.d" -MT"Core/Src/sysmem.o" --specs=nano.specs -mfloat-abi=soft -mthumb -o "Core/Src/sysmem.o"
arm-none-eabi-gcc "../Core/Src/system_stm32f1xx.c" -mcpu=cortex-m3 -std=gnu11 -g3 -DDEBUG -DUSE_HAL_DRIVER -DSTM32F103x6 -c -I../Core/Inc -I../Drivers/STM32F1xx_HAL_Driver/Inc -I../Drivers/STM32F1xx_HAL_Driver/Inc/Legacy -I../Drivers/CMSIS/Device/ST/STM32F1xx/Include -I../Drivers/CMSIS/Include -O0 -ffunction-sections -fdata-sections -Wall -fstack-usage -MMD -MP -MF"Core/Src/system_stm32f1xx.d" -MT"Core/Src/system_stm32f1xx.o" --specs=nano.specs -mfloat-abi=soft -mthumb -o "Core/Src/system_stm32f1xx.o"
arm-none-eabi-gcc -o "midterm.elf" @"objects.list"   -mcpu=cortex-m3 -T"C:\Users\NGUYEN THANH QUI\Desktop\Midterm\midterm\STM32F103C6UX_FLASH.ld" --specs=nosys.specs -Wl,-Map="midterm.map" -Wl,--gc-sections -static --specs=nano.specs -mfloat-abi=soft -mthumb -Wl,--start-group -lc -lm -Wl,--end-group
Finished building target: midterm.elf
 
arm-none-eabi-size   midterm.elf 
arm-none-eabi-objdump -h -S  midterm.elf  > "midterm.list"
   text	   data	    bss	    dec	    hex	filename
   7160	     80	   1672	   8912	   22d0	midterm.elf
Finished building: default.size.stdout
 
Finished building: midterm.list
arm-none-eabi-objcopy  -O ihex  midterm.elf  "midterm.hex"
 
arm-none-eabi-objcopy  -O binary  midterm.elf  "midterm.bin"
Finished building: midterm.hex
 
Finished building: midterm.bin
 
09:52:48 **** Incremental Build of configuration Debug for project midterm ****
make -j2 all 
arm-none-eabi-gcc "../Core/Src/main.c" -mcpu=cortex-m3 -std=gnu11 -g3 -DDEBUG -DUSE_HAL_DRIVER -DSTM32F103x6 -c -I../Core/Inc -I../Drivers/STM32F1xx_HAL_Driver/Inc -I../Drivers/STM32F1xx_HAL_Driver/Inc/Legacy -I../Drivers/CMSIS/Device/ST/STM32F1xx/Include -I../Drivers/CMSIS/Include -O0 -ffunction-sections -fdata-sections -Wall -fstack-usage -MMD -MP -MF"Core/Src/main.d" -MT"Core/Src/main.o" --specs=nano.specs -mfloat-abi=soft -mthumb -o "Core/Src/main.o"
arm-none-eabi-gcc -o "midterm.elf" @"objects.list"   -mcpu=cortex-m3 -T"C:\Users\NGUYEN THANH QUI\Desktop\Midterm\midterm\STM32F103C6UX_FLASH.ld" --specs=nosys.specs -Wl,-Map="midterm.map" -Wl,--gc-sections -static --specs=nano.specs -mfloat-abi=soft -mthumb -Wl,--start-group -lc -lm -Wl,--end-group
Finished building target: midterm.elf
 
arm-none-eabi-size   midterm.elf 
arm-none-eabi-objdump -h -S  midterm.elf  > "midterm.list"
   text	   data	    bss	    dec	    hex	filename
   7160	     80	   1672	   8912	   22d0	midterm.elf
Finished building: default.size.stdout
 
Finished building: midterm.list
arm-none-eabi-objcopy  -O ihex  midterm.elf  "midterm.hex"
 
arm-none-eabi-objcopy  -O binary  midterm.elf  "midterm.bin"
Finished building: midterm.hex
 
Finished building: midterm.bin
 
09:54:56 **** Incremental Build of configuration Debug for project midterm ****
make -j2 all 
arm-none-eabi-gcc "../Core/Src/fsm_simplebutton.c" -mcpu=cortex-m3 -std=gnu11 -g3 -DDEBUG -DUSE_HAL_DRIVER -DSTM32F103x6 -c -I../Core/Inc -I../Drivers/STM32F1xx_HAL_Driver/Inc -I../Drivers/STM32F1xx_HAL_Driver/Inc/Legacy -I../Drivers/CMSIS/Device/ST/STM32F1xx/Include -I../Drivers/CMSIS/Include -O0 -ffunction-sections -fdata-sections -Wall -fstack-usage -MMD -MP -MF"Core/Src/fsm_simplebutton.d" -MT"Core/Src/fsm_simplebutton.o" --specs=nano.specs -mfloat-abi=soft -mthumb -o "Core/Src/fsm_simplebutton.o"
arm-none-eabi-gcc "../Core/Src/global.c" -mcpu=cortex-m3 -std=gnu11 -g3 -DDEBUG -DUSE_HAL_DRIVER -DSTM32F103x6 -c -I../Core/Inc -I../Drivers/STM32F1xx_HAL_Driver/Inc -I../Drivers/STM32F1xx_HAL_Driver/Inc/Legacy -I../Drivers/CMSIS/Device/ST/STM32F1xx/Include -I../Drivers/CMSIS/Include -O0 -ffunction-sections -fdata-sections -Wall -fstack-usage -MMD -MP -MF"Core/Src/global.d" -MT"Core/Src/global.o" --specs=nano.specs -mfloat-abi=soft -mthumb -o "Core/Src/global.o"
arm-none-eabi-gcc "../Core/Src/main.c" -mcpu=cortex-m3 -std=gnu11 -g3 -DDEBUG -DUSE_HAL_DRIVER -DSTM32F103x6 -c -I../Core/Inc -I../Drivers/STM32F1xx_HAL_Driver/Inc -I../Drivers/STM32F1xx_HAL_Driver/Inc/Legacy -I../Drivers/CMSIS/Device/ST/STM32F1xx/Include -I../Drivers/CMSIS/Include -O0 -ffunction-sections -fdata-sections -Wall -fstack-usage -MMD -MP -MF"Core/Src/main.d" -MT"Core/Src/main.o" --specs=nano.specs -mfloat-abi=soft -mthumb -o "Core/Src/main.o"
arm-none-eabi-gcc -o "midterm.elf" @"objects.list"   -mcpu=cortex-m3 -T"C:\Users\NGUYEN THANH QUI\Desktop\Midterm\midterm\STM32F103C6UX_FLASH.ld" --specs=nosys.specs -Wl,-Map="midterm.map" -Wl,--gc-sections -static --specs=nano.specs -mfloat-abi=soft -mthumb -Wl,--start-group -lc -lm -Wl,--end-group
Finished building target: midterm.elf
 
arm-none-eabi-size   midterm.elf 
arm-none-eabi-objdump -h -S  midterm.elf  > "midterm.list"
   text	   data	    bss	    dec	    hex	filename
   7160	     80	   1672	   8912	   22d0	midterm.elf
Finished building: default.size.stdout
 
Finished building: midterm.list
arm-none-eabi-objcopy  -O ihex  midterm.elf  "midterm.hex"
 
arm-none-eabi-objcopy  -O binary  midterm.elf  "midterm.bin"
Finished building: midterm.hex
Finished building: midterm.bin
 
 
09:56:47 **** Incremental Build of configuration Debug for project midterm ****
make -j2 all 
arm-none-eabi-gcc "../Core/Src/fsm_simplebutton.c" -mcpu=cortex-m3 -std=gnu11 -g3 -DDEBUG -DUSE_HAL_DRIVER -DSTM32F103x6 -c -I../Core/Inc -I../Drivers/STM32F1xx_HAL_Driver/Inc -I../Drivers/STM32F1xx_HAL_Driver/Inc/Legacy -I../Drivers/CMSIS/Device/ST/STM32F1xx/Include -I../Drivers/CMSIS/Include -O0 -ffunction-sections -fdata-sections -Wall -fstack-usage -MMD -MP -MF"Core/Src/fsm_simplebutton.d" -MT"Core/Src/fsm_simplebutton.o" --specs=nano.specs -mfloat-abi=soft -mthumb -o "Core/Src/fsm_simplebutton.o"
arm-none-eabi-gcc "../Core/Src/global.c" -mcpu=cortex-m3 -std=gnu11 -g3 -DDEBUG -DUSE_HAL_DRIVER -DSTM32F103x6 -c -I../Core/Inc -I../Drivers/STM32F1xx_HAL_Driver/Inc -I../Drivers/STM32F1xx_HAL_Driver/Inc/Legacy -I../Drivers/CMSIS/Device/ST/STM32F1xx/Include -I../Drivers/CMSIS/Include -O0 -ffunction-sections -fdata-sections -Wall -fstack-usage -MMD -MP -MF"Core/Src/global.d" -MT"Core/Src/global.o" --specs=nano.specs -mfloat-abi=soft -mthumb -o "Core/Src/global.o"
arm-none-eabi-gcc "../Core/Src/main.c" -mcpu=cortex-m3 -std=gnu11 -g3 -DDEBUG -DUSE_HAL_DRIVER -DSTM32F103x6 -c -I../Core/Inc -I../Drivers/STM32F1xx_HAL_Driver/Inc -I../Drivers/STM32F1xx_HAL_Driver/Inc/Legacy -I../Drivers/CMSIS/Device/ST/STM32F1xx/Include -I../Drivers/CMSIS/Include -O0 -ffunction-sections -fdata-sections -Wall -fstack-usage -MMD -MP -MF"Core/Src/main.d" -MT"Core/Src/main.o" --specs=nano.specs -mfloat-abi=soft -mthumb -o "Core/Src/main.o"
arm-none-eabi-gcc -o "midterm.elf" @"objects.list"   -mcpu=cortex-m3 -T"C:\Users\NGUYEN THANH QUI\Desktop\Midterm\midterm\STM32F103C6UX_FLASH.ld" --specs=nosys.specs -Wl,-Map="midterm.map" -Wl,--gc-sections -static --specs=nano.specs -mfloat-abi=soft -mthumb -Wl,--start-group -lc -lm -Wl,--end-group
Finished building target: midterm.elf
 
arm-none-eabi-size   midterm.elf 
arm-none-eabi-objdump -h -S  midterm.elf  > "midterm.list"
   text	   data	    bss	    dec	    hex	filename
   7336	     80	   1672	   9088	   2380	midterm.elf
Finished building: default.size.stdout
 
arm-none-eabi-objcopy  -O ihex  midterm.elf  "midterm.hex"
Finished building: midterm.list
 
Finished building: midterm.hex
arm-none-eabi-objcopy  -O binary  midterm.elf  "midterm.bin"
 
Finished building: midterm.bin
 
09:57:48 **** Incremental Build of configuration Debug for project midterm ****
make -j2 all 
arm-none-eabi-gcc "../Core/Src/main.c" -mcpu=cortex-m3 -std=gnu11 -g3 -DDEBUG -DUSE_HAL_DRIVER -DSTM32F103x6 -c -I../Core/Inc -I../Drivers/STM32F1xx_HAL_Driver/Inc -I../Drivers/STM32F1xx_HAL_Driver/Inc/Legacy -I../Drivers/CMSIS/Device/ST/STM32F1xx/Include -I../Drivers/CMSIS/Include -O0 -ffunction-sections -fdata-sections -Wall -fstack-usage -MMD -MP -MF"Core/Src/main.d" -MT"Core/Src/main.o" --specs=nano.specs -mfloat-abi=soft -mthumb -o "Core/Src/main.o"
arm-none-eabi-gcc -o "midterm.elf" @"objects.list"   -mcpu=cortex-m3 -T"C:\Users\NGUYEN THANH QUI\Desktop\Midterm\midterm\STM32F103C6UX_FLASH.ld" --specs=nosys.specs -Wl,-Map="midterm.map" -Wl,--gc-sections -static --specs=nano.specs -mfloat-abi=soft -mthumb -Wl,--start-group -lc -lm -Wl,--end-group
Finished building target: midterm.elf
 
arm-none-eabi-size   midterm.elf 
arm-none-eabi-objdump -h -S  midterm.elf  > "midterm.list"
   text	   data	    bss	    dec	    hex	filename
   8336	     80	   1672	  10088	   2768	midterm.elf
Finished building: default.size.stdout
 
arm-none-eabi-objcopy  -O ihex  midterm.elf  "midterm.hex"
Finished building: midterm.list
 
arm-none-eabi-objcopy  -O binary  midterm.elf  "midterm.bin"
Finished building: midterm.hex
 
Finished building: midterm.bin
 
10:01:01 **** Incremental Build of configuration Debug for project midterm ****
make -j2 all 
arm-none-eabi-gcc "../Core/Src/displayLED7.c" -mcpu=cortex-m3 -std=gnu11 -g3 -DDEBUG -DUSE_HAL_DRIVER -DSTM32F103x6 -c -I../Core/Inc -I../Drivers/STM32F1xx_HAL_Driver/Inc -I../Drivers/STM32F1xx_HAL_Driver/Inc/Legacy -I../Drivers/CMSIS/Device/ST/STM32F1xx/Include -I../Drivers/CMSIS/Include -O0 -ffunction-sections -fdata-sections -Wall -fstack-usage -MMD -MP -MF"Core/Src/displayLED7.d" -MT"Core/Src/displayLED7.o" --specs=nano.specs -mfloat-abi=soft -mthumb -o "Core/Src/displayLED7.o"
arm-none-eabi-gcc "../Core/Src/fsm_simplebutton.c" -mcpu=cortex-m3 -std=gnu11 -g3 -DDEBUG -DUSE_HAL_DRIVER -DSTM32F103x6 -c -I../Core/Inc -I../Drivers/STM32F1xx_HAL_Driver/Inc -I../Drivers/STM32F1xx_HAL_Driver/Inc/Legacy -I../Drivers/CMSIS/Device/ST/STM32F1xx/Include -I../Drivers/CMSIS/Include -O0 -ffunction-sections -fdata-sections -Wall -fstack-usage -MMD -MP -MF"Core/Src/fsm_simplebutton.d" -MT"Core/Src/fsm_simplebutton.o" --specs=nano.specs -mfloat-abi=soft -mthumb -o "Core/Src/fsm_simplebutton.o"
arm-none-eabi-gcc "../Core/Src/main.c" -mcpu=cortex-m3 -std=gnu11 -g3 -DDEBUG -DUSE_HAL_DRIVER -DSTM32F103x6 -c -I../Core/Inc -I../Drivers/STM32F1xx_HAL_Driver/Inc -I../Drivers/STM32F1xx_HAL_Driver/Inc/Legacy -I../Drivers/CMSIS/Device/ST/STM32F1xx/Include -I../Drivers/CMSIS/Include -O0 -ffunction-sections -fdata-sections -Wall -fstack-usage -MMD -MP -MF"Core/Src/main.d" -MT"Core/Src/main.o" --specs=nano.specs -mfloat-abi=soft -mthumb -o "Core/Src/main.o"
arm-none-eabi-gcc -o "midterm.elf" @"objects.list"   -mcpu=cortex-m3 -T"C:\Users\NGUYEN THANH QUI\Desktop\Midterm\midterm\STM32F103C6UX_FLASH.ld" --specs=nosys.specs -Wl,-Map="midterm.map" -Wl,--gc-sections -static --specs=nano.specs -mfloat-abi=soft -mthumb -Wl,--start-group -lc -lm -Wl,--end-group
c:\st\stm32cubeide_1.7.0\stm32cubeide\plugins\com.st.stm32cube.ide.mcu.externaltools.gnu-tools-for-stm32.9-2020-q2-update.win32_2.0.0.202105311346\tools\arm-none-eabi\bin\ld.exe: ./Core/Src/fsm_simplebutton.o: in function `fsm_simple_button_run':
C:/Users/NGUYEN THANH QUI/Desktop/Midterm/midterm/Debug/../Core/Src/fsm_simplebutton.c:33: undefined reference to `value'
c:\st\stm32cubeide_1.7.0\stm32cubeide\plugins\com.st.stm32cube.ide.mcu.externaltools.gnu-tools-for-stm32.9-2020-q2-update.win32_2.0.0.202105311346\tools\arm-none-eabi\bin\ld.exe: ./Core/Src/main.o: in function `main':
C:/Users/NGUYEN THANH QUI/Desktop/Midterm/midterm/Debug/../Core/Src/main.c:106: undefined reference to `value'
collect2.exe: error: ld returned 1 exit status
make: *** [makefile:68: midterm.elf] Error 1
"make -j2 all" terminated with exit code 2. Build might be incomplete.
10:01:39 **** Incremental Build of configuration Debug for project midterm ****
make -j2 all 
arm-none-eabi-gcc "../Core/Src/fsm_simplebutton.c" -mcpu=cortex-m3 -std=gnu11 -g3 -DDEBUG -DUSE_HAL_DRIVER -DSTM32F103x6 -c -I../Core/Inc -I../Drivers/STM32F1xx_HAL_Driver/Inc -I../Drivers/STM32F1xx_HAL_Driver/Inc/Legacy -I../Drivers/CMSIS/Device/ST/STM32F1xx/Include -I../Drivers/CMSIS/Include -O0 -ffunction-sections -fdata-sections -Wall -fstack-usage -MMD -MP -MF"Core/Src/fsm_simplebutton.d" -MT"Core/Src/fsm_simplebutton.o" --specs=nano.specs -mfloat-abi=soft -mthumb -o "Core/Src/fsm_simplebutton.o"
arm-none-eabi-gcc "../Core/Src/global.c" -mcpu=cortex-m3 -std=gnu11 -g3 -DDEBUG -DUSE_HAL_DRIVER -DSTM32F103x6 -c -I../Core/Inc -I../Drivers/STM32F1xx_HAL_Driver/Inc -I../Drivers/STM32F1xx_HAL_Driver/Inc/Legacy -I../Drivers/CMSIS/Device/ST/STM32F1xx/Include -I../Drivers/CMSIS/Include -O0 -ffunction-sections -fdata-sections -Wall -fstack-usage -MMD -MP -MF"Core/Src/global.d" -MT"Core/Src/global.o" --specs=nano.specs -mfloat-abi=soft -mthumb -o "Core/Src/global.o"
arm-none-eabi-gcc "../Core/Src/main.c" -mcpu=cortex-m3 -std=gnu11 -g3 -DDEBUG -DUSE_HAL_DRIVER -DSTM32F103x6 -c -I../Core/Inc -I../Drivers/STM32F1xx_HAL_Driver/Inc -I../Drivers/STM32F1xx_HAL_Driver/Inc/Legacy -I../Drivers/CMSIS/Device/ST/STM32F1xx/Include -I../Drivers/CMSIS/Include -O0 -ffunction-sections -fdata-sections -Wall -fstack-usage -MMD -MP -MF"Core/Src/main.d" -MT"Core/Src/main.o" --specs=nano.specs -mfloat-abi=soft -mthumb -o "Core/Src/main.o"
arm-none-eabi-gcc -o "midterm.elf" @"objects.list"   -mcpu=cortex-m3 -T"C:\Users\NGUYEN THANH QUI\Desktop\Midterm\midterm\STM32F103C6UX_FLASH.ld" --specs=nosys.specs -Wl,-Map="midterm.map" -Wl,--gc-sections -static --specs=nano.specs -mfloat-abi=soft -mthumb -Wl,--start-group -lc -lm -Wl,--end-group
c:\st\stm32cubeide_1.7.0\stm32cubeide\plugins\com.st.stm32cube.ide.mcu.externaltools.gnu-tools-for-stm32.9-2020-q2-update.win32_2.0.0.202105311346\tools\arm-none-eabi\bin\ld.exe: ./Core/Src/fsm_simplebutton.o: in function `fsm_simple_button_run':
C:/Users/NGUYEN THANH QUI/Desktop/Midterm/midterm/Debug/../Core/Src/fsm_simplebutton.c:33: undefined reference to `value'
c:\st\stm32cubeide_1.7.0\stm32cubeide\plugins\com.st.stm32cube.ide.mcu.externaltools.gnu-tools-for-stm32.9-2020-q2-update.win32_2.0.0.202105311346\tools\arm-none-eabi\bin\ld.exe: ./Core/Src/main.o: in function `main':
C:/Users/NGUYEN THANH QUI/Desktop/Midterm/midterm/Debug/../Core/Src/main.c:106: undefined reference to `value'
collect2.exe: error: ld returned 1 exit status
make: *** [makefile:68: midterm.elf] Error 1
"make -j2 all" terminated with exit code 2. Build might be incomplete.
10:02:12 **** Incremental Build of configuration Debug for project midterm ****
make -j2 all 
arm-none-eabi-gcc "../Core/Src/global.c" -mcpu=cortex-m3 -std=gnu11 -g3 -DDEBUG -DUSE_HAL_DRIVER -DSTM32F103x6 -c -I../Core/Inc -I../Drivers/STM32F1xx_HAL_Driver/Inc -I../Drivers/STM32F1xx_HAL_Driver/Inc/Legacy -I../Drivers/CMSIS/Device/ST/STM32F1xx/Include -I../Drivers/CMSIS/Include -O0 -ffunction-sections -fdata-sections -Wall -fstack-usage -MMD -MP -MF"Core/Src/global.d" -MT"Core/Src/global.o" --specs=nano.specs -mfloat-abi=soft -mthumb -o "Core/Src/global.o"
arm-none-eabi-gcc -o "midterm.elf" @"objects.list"   -mcpu=cortex-m3 -T"C:\Users\NGUYEN THANH QUI\Desktop\Midterm\midterm\STM32F103C6UX_FLASH.ld" --specs=nosys.specs -Wl,-Map="midterm.map" -Wl,--gc-sections -static --specs=nano.specs -mfloat-abi=soft -mthumb -Wl,--start-group -lc -lm -Wl,--end-group
Finished building target: midterm.elf
 
arm-none-eabi-size   midterm.elf 
arm-none-eabi-objdump -h -S  midterm.elf  > "midterm.list"
   text	   data	    bss	    dec	    hex	filename
   8444	     80	   1680	  10204	   27dc	midterm.elf
Finished building: default.size.stdout
 
arm-none-eabi-objcopy  -O ihex  midterm.elf  "midterm.hex"
Finished building: midterm.list
 
arm-none-eabi-objcopy  -O binary  midterm.elf  "midterm.bin"
Finished building: midterm.hex
 
Finished building: midterm.bin
 
10:06:59 **** Incremental Build of configuration Debug for project midterm ****
make -j2 all 
arm-none-eabi-gcc "../Core/Src/fsm_simplebutton.c" -mcpu=cortex-m3 -std=gnu11 -g3 -DDEBUG -DUSE_HAL_DRIVER -DSTM32F103x6 -c -I../Core/Inc -I../Drivers/STM32F1xx_HAL_Driver/Inc -I../Drivers/STM32F1xx_HAL_Driver/Inc/Legacy -I../Drivers/CMSIS/Device/ST/STM32F1xx/Include -I../Drivers/CMSIS/Include -O0 -ffunction-sections -fdata-sections -Wall -fstack-usage -MMD -MP -MF"Core/Src/fsm_simplebutton.d" -MT"Core/Src/fsm_simplebutton.o" --specs=nano.specs -mfloat-abi=soft -mthumb -o "Core/Src/fsm_simplebutton.o"
arm-none-eabi-gcc -o "midterm.elf" @"objects.list"   -mcpu=cortex-m3 -T"C:\Users\NGUYEN THANH QUI\Desktop\Midterm\midterm\STM32F103C6UX_FLASH.ld" --specs=nosys.specs -Wl,-Map="midterm.map" -Wl,--gc-sections -static --specs=nano.specs -mfloat-abi=soft -mthumb -Wl,--start-group -lc -lm -Wl,--end-group
Finished building target: midterm.elf
 
arm-none-eabi-size   midterm.elf 
arm-none-eabi-objdump -h -S  midterm.elf  > "midterm.list"
   text	   data	    bss	    dec	    hex	filename
   8444	     80	   1680	  10204	   27dc	midterm.elf
Finished building: default.size.stdout
 
Finished building: midterm.list
arm-none-eabi-objcopy  -O ihex  midterm.elf  "midterm.hex"
 
arm-none-eabi-objcopy  -O binary  midterm.elf  "midterm.bin"
Finished building: midterm.hex
 
Finished building: midterm.bin
 
10:09:49 **** Incremental Build of configuration Debug for project midterm ****
make -j2 all 
arm-none-eabi-gcc "../Core/Src/fsm_simplebutton.c" -mcpu=cortex-m3 -std=gnu11 -g3 -DDEBUG -DUSE_HAL_DRIVER -DSTM32F103x6 -c -I../Core/Inc -I../Drivers/STM32F1xx_HAL_Driver/Inc -I../Drivers/STM32F1xx_HAL_Driver/Inc/Legacy -I../Drivers/CMSIS/Device/ST/STM32F1xx/Include -I../Drivers/CMSIS/Include -O0 -ffunction-sections -fdata-sections -Wall -fstack-usage -MMD -MP -MF"Core/Src/fsm_simplebutton.d" -MT"Core/Src/fsm_simplebutton.o" --specs=nano.specs -mfloat-abi=soft -mthumb -o "Core/Src/fsm_simplebutton.o"
arm-none-eabi-gcc -o "midterm.elf" @"objects.list"   -mcpu=cortex-m3 -T"C:\Users\NGUYEN THANH QUI\Desktop\Midterm\midterm\STM32F103C6UX_FLASH.ld" --specs=nosys.specs -Wl,-Map="midterm.map" -Wl,--gc-sections -static --specs=nano.specs -mfloat-abi=soft -mthumb -Wl,--start-group -lc -lm -Wl,--end-group
Finished building target: midterm.elf
 
arm-none-eabi-size   midterm.elf 
arm-none-eabi-objdump -h -S  midterm.elf  > "midterm.list"
   text	   data	    bss	    dec	    hex	filename
   8448	     80	   1680	  10208	   27e0	midterm.elf
Finished building: default.size.stdout
Finished building: midterm.list
 
 
arm-none-eabi-objcopy  -O ihex  midterm.elf  "midterm.hex"
arm-none-eabi-objcopy  -O binary  midterm.elf  "midterm.bin"
Finished building: midterm.hex
Finished building: midterm.bin
 
 
10:10:50 **** Incremental Build of configuration Debug for project midterm ****
make -j2 all 
arm-none-eabi-gcc "../Core/Src/fsm_simplebutton.c" -mcpu=cortex-m3 -std=gnu11 -g3 -DDEBUG -DUSE_HAL_DRIVER -DSTM32F103x6 -c -I../Core/Inc -I../Drivers/STM32F1xx_HAL_Driver/Inc -I../Drivers/STM32F1xx_HAL_Driver/Inc/Legacy -I../Drivers/CMSIS/Device/ST/STM32F1xx/Include -I../Drivers/CMSIS/Include -O0 -ffunction-sections -fdata-sections -Wall -fstack-usage -MMD -MP -MF"Core/Src/fsm_simplebutton.d" -MT"Core/Src/fsm_simplebutton.o" --specs=nano.specs -mfloat-abi=soft -mthumb -o "Core/Src/fsm_simplebutton.o"
arm-none-eabi-gcc -o "midterm.elf" @"objects.list"   -mcpu=cortex-m3 -T"C:\Users\NGUYEN THANH QUI\Desktop\Midterm\midterm\STM32F103C6UX_FLASH.ld" --specs=nosys.specs -Wl,-Map="midterm.map" -Wl,--gc-sections -static --specs=nano.specs -mfloat-abi=soft -mthumb -Wl,--start-group -lc -lm -Wl,--end-group
Finished building target: midterm.elf
 
arm-none-eabi-size   midterm.elf 
arm-none-eabi-objdump -h -S  midterm.elf  > "midterm.list"
   text	   data	    bss	    dec	    hex	filename
   8444	     80	   1680	  10204	   27dc	midterm.elf
Finished building: default.size.stdout
 
Finished building: midterm.list
arm-none-eabi-objcopy  -O ihex  midterm.elf  "midterm.hex"
 
arm-none-eabi-objcopy  -O binary  midterm.elf  "midterm.bin"
Finished building: midterm.hex
Finished building: midterm.bin
 
 
10:14:56 **** Incremental Build of configuration Debug for project midterm ****
make -j2 all 
arm-none-eabi-gcc "../Core/Src/fsm_simplebutton.c" -mcpu=cortex-m3 -std=gnu11 -g3 -DDEBUG -DUSE_HAL_DRIVER -DSTM32F103x6 -c -I../Core/Inc -I../Drivers/STM32F1xx_HAL_Driver/Inc -I../Drivers/STM32F1xx_HAL_Driver/Inc/Legacy -I../Drivers/CMSIS/Device/ST/STM32F1xx/Include -I../Drivers/CMSIS/Include -O0 -ffunction-sections -fdata-sections -Wall -fstack-usage -MMD -MP -MF"Core/Src/fsm_simplebutton.d" -MT"Core/Src/fsm_simplebutton.o" --specs=nano.specs -mfloat-abi=soft -mthumb -o "Core/Src/fsm_simplebutton.o"
arm-none-eabi-gcc -o "midterm.elf" @"objects.list"   -mcpu=cortex-m3 -T"C:\Users\NGUYEN THANH QUI\Desktop\Midterm\midterm\STM32F103C6UX_FLASH.ld" --specs=nosys.specs -Wl,-Map="midterm.map" -Wl,--gc-sections -static --specs=nano.specs -mfloat-abi=soft -mthumb -Wl,--start-group -lc -lm -Wl,--end-group
Finished building target: midterm.elf
 
arm-none-eabi-size   midterm.elf 
arm-none-eabi-objdump -h -S  midterm.elf  > "midterm.list"
   text	   data	    bss	    dec	    hex	filename
   8496	     80	   1680	  10256	   2810	midterm.elf
Finished building: default.size.stdout
 
arm-none-eabi-objcopy  -O ihex  midterm.elf  "midterm.hex"
Finished building: midterm.list
 
Finished building: midterm.hex
arm-none-eabi-objcopy  -O binary  midterm.elf  "midterm.bin"
 
Finished building: midterm.bin
 
10:18:17 **** Incremental Build of configuration Debug for project midterm ****
make -j2 all 
arm-none-eabi-gcc "../Core/Src/displayLED7.c" -mcpu=cortex-m3 -std=gnu11 -g3 -DDEBUG -DUSE_HAL_DRIVER -DSTM32F103x6 -c -I../Core/Inc -I../Drivers/STM32F1xx_HAL_Driver/Inc -I../Drivers/STM32F1xx_HAL_Driver/Inc/Legacy -I../Drivers/CMSIS/Device/ST/STM32F1xx/Include -I../Drivers/CMSIS/Include -O0 -ffunction-sections -fdata-sections -Wall -fstack-usage -MMD -MP -MF"Core/Src/displayLED7.d" -MT"Core/Src/displayLED7.o" --specs=nano.specs -mfloat-abi=soft -mthumb -o "Core/Src/displayLED7.o"
arm-none-eabi-gcc "../Core/Src/fsm_simplebutton.c" -mcpu=cortex-m3 -std=gnu11 -g3 -DDEBUG -DUSE_HAL_DRIVER -DSTM32F103x6 -c -I../Core/Inc -I../Drivers/STM32F1xx_HAL_Driver/Inc -I../Drivers/STM32F1xx_HAL_Driver/Inc/Legacy -I../Drivers/CMSIS/Device/ST/STM32F1xx/Include -I../Drivers/CMSIS/Include -O0 -ffunction-sections -fdata-sections -Wall -fstack-usage -MMD -MP -MF"Core/Src/fsm_simplebutton.d" -MT"Core/Src/fsm_simplebutton.o" --specs=nano.specs -mfloat-abi=soft -mthumb -o "Core/Src/fsm_simplebutton.o"
arm-none-eabi-gcc "../Core/Src/main.c" -mcpu=cortex-m3 -std=gnu11 -g3 -DDEBUG -DUSE_HAL_DRIVER -DSTM32F103x6 -c -I../Core/Inc -I../Drivers/STM32F1xx_HAL_Driver/Inc -I../Drivers/STM32F1xx_HAL_Driver/Inc/Legacy -I../Drivers/CMSIS/Device/ST/STM32F1xx/Include -I../Drivers/CMSIS/Include -O0 -ffunction-sections -fdata-sections -Wall -fstack-usage -MMD -MP -MF"Core/Src/main.d" -MT"Core/Src/main.o" --specs=nano.specs -mfloat-abi=soft -mthumb -o "Core/Src/main.o"
arm-none-eabi-gcc -o "midterm.elf" @"objects.list"   -mcpu=cortex-m3 -T"C:\Users\NGUYEN THANH QUI\Desktop\Midterm\midterm\STM32F103C6UX_FLASH.ld" --specs=nosys.specs -Wl,-Map="midterm.map" -Wl,--gc-sections -static --specs=nano.specs -mfloat-abi=soft -mthumb -Wl,--start-group -lc -lm -Wl,--end-group
Finished building target: midterm.elf
 
arm-none-eabi-size   midterm.elf 
arm-none-eabi-objdump -h -S  midterm.elf  > "midterm.list"
   text	   data	    bss	    dec	    hex	filename
   8496	     80	   1680	  10256	   2810	midterm.elf
Finished building: default.size.stdout
 
Finished building: midterm.list
arm-none-eabi-objcopy  -O ihex  midterm.elf  "midterm.hex"
 
arm-none-eabi-objcopy  -O binary  midterm.elf  "midterm.bin"
Finished building: midterm.hex
 
Finished building: midterm.bin
 
10:22:32 **** Incremental Build of configuration Debug for project midterm ****
make -j2 all 
arm-none-eabi-gcc "../Core/Src/fsm_simplebutton.c" -mcpu=cortex-m3 -std=gnu11 -g3 -DDEBUG -DUSE_HAL_DRIVER -DSTM32F103x6 -c -I../Core/Inc -I../Drivers/STM32F1xx_HAL_Driver/Inc -I../Drivers/STM32F1xx_HAL_Driver/Inc/Legacy -I../Drivers/CMSIS/Device/ST/STM32F1xx/Include -I../Drivers/CMSIS/Include -O0 -ffunction-sections -fdata-sections -Wall -fstack-usage -MMD -MP -MF"Core/Src/fsm_simplebutton.d" -MT"Core/Src/fsm_simplebutton.o" --specs=nano.specs -mfloat-abi=soft -mthumb -o "Core/Src/fsm_simplebutton.o"
arm-none-eabi-gcc -o "midterm.elf" @"objects.list"   -mcpu=cortex-m3 -T"C:\Users\NGUYEN THANH QUI\Desktop\Midterm\midterm\STM32F103C6UX_FLASH.ld" --specs=nosys.specs -Wl,-Map="midterm.map" -Wl,--gc-sections -static --specs=nano.specs -mfloat-abi=soft -mthumb -Wl,--start-group -lc -lm -Wl,--end-group
Finished building target: midterm.elf
 
arm-none-eabi-size   midterm.elf 
arm-none-eabi-objdump -h -S  midterm.elf  > "midterm.list"
   text	   data	    bss	    dec	    hex	filename
   8468	     80	   1680	  10228	   27f4	midterm.elf
Finished building: default.size.stdout
Finished building: midterm.list
 
arm-none-eabi-objcopy  -O ihex  midterm.elf  "midterm.hex"
 
arm-none-eabi-objcopy  -O binary  midterm.elf  "midterm.bin"
Finished building: midterm.hex
Finished building: midterm.bin
 
 
10:23:20 **** Incremental Build of configuration Debug for project midterm ****
make -j2 all 
arm-none-eabi-gcc "../Core/Src/fsm_simplebutton.c" -mcpu=cortex-m3 -std=gnu11 -g3 -DDEBUG -DUSE_HAL_DRIVER -DSTM32F103x6 -c -I../Core/Inc -I../Drivers/STM32F1xx_HAL_Driver/Inc -I../Drivers/STM32F1xx_HAL_Driver/Inc/Legacy -I../Drivers/CMSIS/Device/ST/STM32F1xx/Include -I../Drivers/CMSIS/Include -O0 -ffunction-sections -fdata-sections -Wall -fstack-usage -MMD -MP -MF"Core/Src/fsm_simplebutton.d" -MT"Core/Src/fsm_simplebutton.o" --specs=nano.specs -mfloat-abi=soft -mthumb -o "Core/Src/fsm_simplebutton.o"
arm-none-eabi-gcc -o "midterm.elf" @"objects.list"   -mcpu=cortex-m3 -T"C:\Users\NGUYEN THANH QUI\Desktop\Midterm\midterm\STM32F103C6UX_FLASH.ld" --specs=nosys.specs -Wl,-Map="midterm.map" -Wl,--gc-sections -static --specs=nano.specs -mfloat-abi=soft -mthumb -Wl,--start-group -lc -lm -Wl,--end-group
Finished building target: midterm.elf
 
arm-none-eabi-size   midterm.elf 
arm-none-eabi-objdump -h -S  midterm.elf  > "midterm.list"
   text	   data	    bss	    dec	    hex	filename
   8468	     80	   1680	  10228	   27f4	midterm.elf
Finished building: default.size.stdout
 
arm-none-eabi-objcopy  -O ihex  midterm.elf  "midterm.hex"
Finished building: midterm.list
 
Finished building: midterm.hex
arm-none-eabi-objcopy  -O binary  midterm.elf  "midterm.bin"
 
Finished building: midterm.bin
 
10:33:27 **** Incremental Build of configuration Debug for project midterm ****
make -j2 all 
arm-none-eabi-gcc "../Core/Src/fsm_simplebutton.c" -mcpu=cortex-m3 -std=gnu11 -g3 -DDEBUG -DUSE_HAL_DRIVER -DSTM32F103x6 -c -I../Core/Inc -I../Drivers/STM32F1xx_HAL_Driver/Inc -I../Drivers/STM32F1xx_HAL_Driver/Inc/Legacy -I../Drivers/CMSIS/Device/ST/STM32F1xx/Include -I../Drivers/CMSIS/Include -O0 -ffunction-sections -fdata-sections -Wall -fstack-usage -MMD -MP -MF"Core/Src/fsm_simplebutton.d" -MT"Core/Src/fsm_simplebutton.o" --specs=nano.specs -mfloat-abi=soft -mthumb -o "Core/Src/fsm_simplebutton.o"
arm-none-eabi-gcc -o "midterm.elf" @"objects.list"   -mcpu=cortex-m3 -T"C:\Users\NGUYEN THANH QUI\Desktop\Midterm\midterm\STM32F103C6UX_FLASH.ld" --specs=nosys.specs -Wl,-Map="midterm.map" -Wl,--gc-sections -static --specs=nano.specs -mfloat-abi=soft -mthumb -Wl,--start-group -lc -lm -Wl,--end-group
Finished building target: midterm.elf
 
arm-none-eabi-size   midterm.elf 
arm-none-eabi-objdump -h -S  midterm.elf  > "midterm.list"
   text	   data	    bss	    dec	    hex	filename
   8468	     80	   1680	  10228	   27f4	midterm.elf
Finished building: default.size.stdout
 
arm-none-eabi-objcopy  -O ihex  midterm.elf  "midterm.hex"
Finished building: midterm.list
 
Finished building: midterm.hex
arm-none-eabi-objcopy  -O binary  midterm.elf  "midterm.bin"
 
Finished building: midterm.bin
 
10:40:09 **** Incremental Build of configuration Debug for project midterm ****
make -j2 all 
arm-none-eabi-gcc "../Core/Src/fsm_simplebutton.c" -mcpu=cortex-m3 -std=gnu11 -g3 -DDEBUG -DUSE_HAL_DRIVER -DSTM32F103x6 -c -I../Core/Inc -I../Drivers/STM32F1xx_HAL_Driver/Inc -I../Drivers/STM32F1xx_HAL_Driver/Inc/Legacy -I../Drivers/CMSIS/Device/ST/STM32F1xx/Include -I../Drivers/CMSIS/Include -O0 -ffunction-sections -fdata-sections -Wall -fstack-usage -MMD -MP -MF"Core/Src/fsm_simplebutton.d" -MT"Core/Src/fsm_simplebutton.o" --specs=nano.specs -mfloat-abi=soft -mthumb -o "Core/Src/fsm_simplebutton.o"
../Core/Src/fsm_simplebutton.c: In function 'fsm_simple_button_run':
../Core/Src/fsm_simplebutton.c:37:2: error: 'default' label not within a switch statement
   37 |  default: break;
      |  ^~~~~~~
../Core/Src/fsm_simplebutton.c:37:11: error: break statement not within loop or switch
   37 |  default: break;
      |           ^~~~~
make: *** [Core/Src/subdir.mk:49: Core/Src/fsm_simplebutton.o] Error 1
"make -j2 all" terminated with exit code 2. Build might be incomplete.
10:40:37 **** Incremental Build of configuration Debug for project midterm ****
make -j2 all 
arm-none-eabi-gcc "../Core/Src/fsm_simplebutton.c" -mcpu=cortex-m3 -std=gnu11 -g3 -DDEBUG -DUSE_HAL_DRIVER -DSTM32F103x6 -c -I../Core/Inc -I../Drivers/STM32F1xx_HAL_Driver/Inc -I../Drivers/STM32F1xx_HAL_Driver/Inc/Legacy -I../Drivers/CMSIS/Device/ST/STM32F1xx/Include -I../Drivers/CMSIS/Include -O0 -ffunction-sections -fdata-sections -Wall -fstack-usage -MMD -MP -MF"Core/Src/fsm_simplebutton.d" -MT"Core/Src/fsm_simplebutton.o" --specs=nano.specs -mfloat-abi=soft -mthumb -o "Core/Src/fsm_simplebutton.o"
arm-none-eabi-gcc -o "midterm.elf" @"objects.list"   -mcpu=cortex-m3 -T"C:\Users\NGUYEN THANH QUI\Desktop\Midterm\midterm\STM32F103C6UX_FLASH.ld" --specs=nosys.specs -Wl,-Map="midterm.map" -Wl,--gc-sections -static --specs=nano.specs -mfloat-abi=soft -mthumb -Wl,--start-group -lc -lm -Wl,--end-group
Finished building target: midterm.elf
 
arm-none-eabi-size   midterm.elf 
arm-none-eabi-objdump -h -S  midterm.elf  > "midterm.list"
   text	   data	    bss	    dec	    hex	filename
   8468	     80	   1680	  10228	   27f4	midterm.elf
Finished building: default.size.stdout
Finished building: midterm.list
 
arm-none-eabi-objcopy  -O ihex  midterm.elf  "midterm.hex"
 
arm-none-eabi-objcopy  -O binary  midterm.elf  "midterm.bin"
Finished building: midterm.hex
Finished building: midterm.bin
 
 
10:47:54 **** Incremental Build of configuration Debug for project midterm ****
make -j2 all 
arm-none-eabi-gcc "../Core/Src/fsm_simplebutton.c" -mcpu=cortex-m3 -std=gnu11 -g3 -DDEBUG -DUSE_HAL_DRIVER -DSTM32F103x6 -c -I../Core/Inc -I../Drivers/STM32F1xx_HAL_Driver/Inc -I../Drivers/STM32F1xx_HAL_Driver/Inc/Legacy -I../Drivers/CMSIS/Device/ST/STM32F1xx/Include -I../Drivers/CMSIS/Include -O0 -ffunction-sections -fdata-sections -Wall -fstack-usage -MMD -MP -MF"Core/Src/fsm_simplebutton.d" -MT"Core/Src/fsm_simplebutton.o" --specs=nano.specs -mfloat-abi=soft -mthumb -o "Core/Src/fsm_simplebutton.o"
arm-none-eabi-gcc -o "midterm.elf" @"objects.list"   -mcpu=cortex-m3 -T"C:\Users\NGUYEN THANH QUI\Desktop\Midterm\midterm\STM32F103C6UX_FLASH.ld" --specs=nosys.specs -Wl,-Map="midterm.map" -Wl,--gc-sections -static --specs=nano.specs -mfloat-abi=soft -mthumb -Wl,--start-group -lc -lm -Wl,--end-group
Finished building target: midterm.elf
 
arm-none-eabi-size   midterm.elf 
arm-none-eabi-objdump -h -S  midterm.elf  > "midterm.list"
   text	   data	    bss	    dec	    hex	filename
   8464	     80	   1680	  10224	   27f0	midterm.elf
Finished building: default.size.stdout
 
arm-none-eabi-objcopy  -O ihex  midterm.elf  "midterm.hex"
Finished building: midterm.list
 
arm-none-eabi-objcopy  -O binary  midterm.elf  "midterm.bin"
Finished building: midterm.hex
 
Finished building: midterm.bin
 
10:49:10 **** Incremental Build of configuration Debug for project midterm ****
make -j2 all 
arm-none-eabi-gcc "../Core/Src/fsm_simplebutton.c" -mcpu=cortex-m3 -std=gnu11 -g3 -DDEBUG -DUSE_HAL_DRIVER -DSTM32F103x6 -c -I../Core/Inc -I../Drivers/STM32F1xx_HAL_Driver/Inc -I../Drivers/STM32F1xx_HAL_Driver/Inc/Legacy -I../Drivers/CMSIS/Device/ST/STM32F1xx/Include -I../Drivers/CMSIS/Include -O0 -ffunction-sections -fdata-sections -Wall -fstack-usage -MMD -MP -MF"Core/Src/fsm_simplebutton.d" -MT"Core/Src/fsm_simplebutton.o" --specs=nano.specs -mfloat-abi=soft -mthumb -o "Core/Src/fsm_simplebutton.o"
arm-none-eabi-gcc -o "midterm.elf" @"objects.list"   -mcpu=cortex-m3 -T"C:\Users\NGUYEN THANH QUI\Desktop\Midterm\midterm\STM32F103C6UX_FLASH.ld" --specs=nosys.specs -Wl,-Map="midterm.map" -Wl,--gc-sections -static --specs=nano.specs -mfloat-abi=soft -mthumb -Wl,--start-group -lc -lm -Wl,--end-group
Finished building target: midterm.elf
 
arm-none-eabi-size   midterm.elf 
arm-none-eabi-objdump -h -S  midterm.elf  > "midterm.list"
   text	   data	    bss	    dec	    hex	filename
   8512	     80	   1680	  10272	   2820	midterm.elf
Finished building: default.size.stdout
Finished building: midterm.list
 
arm-none-eabi-objcopy  -O ihex  midterm.elf  "midterm.hex"
 
arm-none-eabi-objcopy  -O binary  midterm.elf  "midterm.bin"
Finished building: midterm.hex
Finished building: midterm.bin
 
 
10:50:45 **** Incremental Build of configuration Debug for project midterm ****
make -j2 all 
arm-none-eabi-gcc "../Core/Src/fsm_simplebutton.c" -mcpu=cortex-m3 -std=gnu11 -g3 -DDEBUG -DUSE_HAL_DRIVER -DSTM32F103x6 -c -I../Core/Inc -I../Drivers/STM32F1xx_HAL_Driver/Inc -I../Drivers/STM32F1xx_HAL_Driver/Inc/Legacy -I../Drivers/CMSIS/Device/ST/STM32F1xx/Include -I../Drivers/CMSIS/Include -O0 -ffunction-sections -fdata-sections -Wall -fstack-usage -MMD -MP -MF"Core/Src/fsm_simplebutton.d" -MT"Core/Src/fsm_simplebutton.o" --specs=nano.specs -mfloat-abi=soft -mthumb -o "Core/Src/fsm_simplebutton.o"
arm-none-eabi-gcc -o "midterm.elf" @"objects.list"   -mcpu=cortex-m3 -T"C:\Users\NGUYEN THANH QUI\Desktop\Midterm\midterm\STM32F103C6UX_FLASH.ld" --specs=nosys.specs -Wl,-Map="midterm.map" -Wl,--gc-sections -static --specs=nano.specs -mfloat-abi=soft -mthumb -Wl,--start-group -lc -lm -Wl,--end-group
Finished building target: midterm.elf
 
arm-none-eabi-size   midterm.elf 
arm-none-eabi-objdump -h -S  midterm.elf  > "midterm.list"
   text	   data	    bss	    dec	    hex	filename
   8372	     80	   1680	  10132	   2794	midterm.elf
Finished building: default.size.stdout
 
arm-none-eabi-objcopy  -O ihex  midterm.elf  "midterm.hex"
Finished building: midterm.list
 
arm-none-eabi-objcopy  -O binary  midterm.elf  "midterm.bin"
Finished building: midterm.hex
 
Finished building: midterm.bin
 
10:59:39 **** Incremental Build of configuration Debug for project midterm ****
make -j2 all 
arm-none-eabi-gcc "../Drivers/STM32F1xx_HAL_Driver/Src/stm32f1xx_hal.c" -mcpu=cortex-m3 -std=gnu11 -g3 -DDEBUG -DUSE_HAL_DRIVER -DSTM32F103x6 -c -I../Core/Inc -I../Drivers/STM32F1xx_HAL_Driver/Inc -I../Drivers/STM32F1xx_HAL_Driver/Inc/Legacy -I../Drivers/CMSIS/Device/ST/STM32F1xx/Include -I../Drivers/CMSIS/Include -O0 -ffunction-sections -fdata-sections -Wall -fstack-usage -MMD -MP -MF"Drivers/STM32F1xx_HAL_Driver/Src/stm32f1xx_hal.d" -MT"Drivers/STM32F1xx_HAL_Driver/Src/stm32f1xx_hal.o" --specs=nano.specs -mfloat-abi=soft -mthumb -o "Drivers/STM32F1xx_HAL_Driver/Src/stm32f1xx_hal.o"
arm-none-eabi-gcc "../Drivers/STM32F1xx_HAL_Driver/Src/stm32f1xx_hal_cortex.c" -mcpu=cortex-m3 -std=gnu11 -g3 -DDEBUG -DUSE_HAL_DRIVER -DSTM32F103x6 -c -I../Core/Inc -I../Drivers/STM32F1xx_HAL_Driver/Inc -I../Drivers/STM32F1xx_HAL_Driver/Inc/Legacy -I../Drivers/CMSIS/Device/ST/STM32F1xx/Include -I../Drivers/CMSIS/Include -O0 -ffunction-sections -fdata-sections -Wall -fstack-usage -MMD -MP -MF"Drivers/STM32F1xx_HAL_Driver/Src/stm32f1xx_hal_cortex.d" -MT"Drivers/STM32F1xx_HAL_Driver/Src/stm32f1xx_hal_cortex.o" --specs=nano.specs -mfloat-abi=soft -mthumb -o "Drivers/STM32F1xx_HAL_Driver/Src/stm32f1xx_hal_cortex.o"
arm-none-eabi-gcc "../Drivers/STM32F1xx_HAL_Driver/Src/stm32f1xx_hal_dma.c" -mcpu=cortex-m3 -std=gnu11 -g3 -DDEBUG -DUSE_HAL_DRIVER -DSTM32F103x6 -c -I../Core/Inc -I../Drivers/STM32F1xx_HAL_Driver/Inc -I../Drivers/STM32F1xx_HAL_Driver/Inc/Legacy -I../Drivers/CMSIS/Device/ST/STM32F1xx/Include -I../Drivers/CMSIS/Include -O0 -ffunction-sections -fdata-sections -Wall -fstack-usage -MMD -MP -MF"Drivers/STM32F1xx_HAL_Driver/Src/stm32f1xx_hal_dma.d" -MT"Drivers/STM32F1xx_HAL_Driver/Src/stm32f1xx_hal_dma.o" --specs=nano.specs -mfloat-abi=soft -mthumb -o "Drivers/STM32F1xx_HAL_Driver/Src/stm32f1xx_hal_dma.o"
arm-none-eabi-gcc "../Drivers/STM32F1xx_HAL_Driver/Src/stm32f1xx_hal_exti.c" -mcpu=cortex-m3 -std=gnu11 -g3 -DDEBUG -DUSE_HAL_DRIVER -DSTM32F103x6 -c -I../Core/Inc -I../Drivers/STM32F1xx_HAL_Driver/Inc -I../Drivers/STM32F1xx_HAL_Driver/Inc/Legacy -I../Drivers/CMSIS/Device/ST/STM32F1xx/Include -I../Drivers/CMSIS/Include -O0 -ffunction-sections -fdata-sections -Wall -fstack-usage -MMD -MP -MF"Drivers/STM32F1xx_HAL_Driver/Src/stm32f1xx_hal_exti.d" -MT"Drivers/STM32F1xx_HAL_Driver/Src/stm32f1xx_hal_exti.o" --specs=nano.specs -mfloat-abi=soft -mthumb -o "Drivers/STM32F1xx_HAL_Driver/Src/stm32f1xx_hal_exti.o"
arm-none-eabi-gcc "../Drivers/STM32F1xx_HAL_Driver/Src/stm32f1xx_hal_flash.c" -mcpu=cortex-m3 -std=gnu11 -g3 -DDEBUG -DUSE_HAL_DRIVER -DSTM32F103x6 -c -I../Core/Inc -I../Drivers/STM32F1xx_HAL_Driver/Inc -I../Drivers/STM32F1xx_HAL_Driver/Inc/Legacy -I../Drivers/CMSIS/Device/ST/STM32F1xx/Include -I../Drivers/CMSIS/Include -O0 -ffunction-sections -fdata-sections -Wall -fstack-usage -MMD -MP -MF"Drivers/STM32F1xx_HAL_Driver/Src/stm32f1xx_hal_flash.d" -MT"Drivers/STM32F1xx_HAL_Driver/Src/stm32f1xx_hal_flash.o" --specs=nano.specs -mfloat-abi=soft -mthumb -o "Drivers/STM32F1xx_HAL_Driver/Src/stm32f1xx_hal_flash.o"
arm-none-eabi-gcc "../Drivers/STM32F1xx_HAL_Driver/Src/stm32f1xx_hal_flash_ex.c" -mcpu=cortex-m3 -std=gnu11 -g3 -DDEBUG -DUSE_HAL_DRIVER -DSTM32F103x6 -c -I../Core/Inc -I../Drivers/STM32F1xx_HAL_Driver/Inc -I../Drivers/STM32F1xx_HAL_Driver/Inc/Legacy -I../Drivers/CMSIS/Device/ST/STM32F1xx/Include -I../Drivers/CMSIS/Include -O0 -ffunction-sections -fdata-sections -Wall -fstack-usage -MMD -MP -MF"Drivers/STM32F1xx_HAL_Driver/Src/stm32f1xx_hal_flash_ex.d" -MT"Drivers/STM32F1xx_HAL_Driver/Src/stm32f1xx_hal_flash_ex.o" --specs=nano.specs -mfloat-abi=soft -mthumb -o "Drivers/STM32F1xx_HAL_Driver/Src/stm32f1xx_hal_flash_ex.o"
arm-none-eabi-gcc "../Drivers/STM32F1xx_HAL_Driver/Src/stm32f1xx_hal_gpio.c" -mcpu=cortex-m3 -std=gnu11 -g3 -DDEBUG -DUSE_HAL_DRIVER -DSTM32F103x6 -c -I../Core/Inc -I../Drivers/STM32F1xx_HAL_Driver/Inc -I../Drivers/STM32F1xx_HAL_Driver/Inc/Legacy -I../Drivers/CMSIS/Device/ST/STM32F1xx/Include -I../Drivers/CMSIS/Include -O0 -ffunction-sections -fdata-sections -Wall -fstack-usage -MMD -MP -MF"Drivers/STM32F1xx_HAL_Driver/Src/stm32f1xx_hal_gpio.d" -MT"Drivers/STM32F1xx_HAL_Driver/Src/stm32f1xx_hal_gpio.o" --specs=nano.specs -mfloat-abi=soft -mthumb -o "Drivers/STM32F1xx_HAL_Driver/Src/stm32f1xx_hal_gpio.o"
arm-none-eabi-gcc "../Drivers/STM32F1xx_HAL_Driver/Src/stm32f1xx_hal_gpio_ex.c" -mcpu=cortex-m3 -std=gnu11 -g3 -DDEBUG -DUSE_HAL_DRIVER -DSTM32F103x6 -c -I../Core/Inc -I../Drivers/STM32F1xx_HAL_Driver/Inc -I../Drivers/STM32F1xx_HAL_Driver/Inc/Legacy -I../Drivers/CMSIS/Device/ST/STM32F1xx/Include -I../Drivers/CMSIS/Include -O0 -ffunction-sections -fdata-sections -Wall -fstack-usage -MMD -MP -MF"Drivers/STM32F1xx_HAL_Driver/Src/stm32f1xx_hal_gpio_ex.d" -MT"Drivers/STM32F1xx_HAL_Driver/Src/stm32f1xx_hal_gpio_ex.o" --specs=nano.specs -mfloat-abi=soft -mthumb -o "Drivers/STM32F1xx_HAL_Driver/Src/stm32f1xx_hal_gpio_ex.o"
arm-none-eabi-gcc "../Drivers/STM32F1xx_HAL_Driver/Src/stm32f1xx_hal_pwr.c" -mcpu=cortex-m3 -std=gnu11 -g3 -DDEBUG -DUSE_HAL_DRIVER -DSTM32F103x6 -c -I../Core/Inc -I../Drivers/STM32F1xx_HAL_Driver/Inc -I../Drivers/STM32F1xx_HAL_Driver/Inc/Legacy -I../Drivers/CMSIS/Device/ST/STM32F1xx/Include -I../Drivers/CMSIS/Include -O0 -ffunction-sections -fdata-sections -Wall -fstack-usage -MMD -MP -MF"Drivers/STM32F1xx_HAL_Driver/Src/stm32f1xx_hal_pwr.d" -MT"Drivers/STM32F1xx_HAL_Driver/Src/stm32f1xx_hal_pwr.o" --specs=nano.specs -mfloat-abi=soft -mthumb -o "Drivers/STM32F1xx_HAL_Driver/Src/stm32f1xx_hal_pwr.o"
arm-none-eabi-gcc "../Drivers/STM32F1xx_HAL_Driver/Src/stm32f1xx_hal_rcc.c" -mcpu=cortex-m3 -std=gnu11 -g3 -DDEBUG -DUSE_HAL_DRIVER -DSTM32F103x6 -c -I../Core/Inc -I../Drivers/STM32F1xx_HAL_Driver/Inc -I../Drivers/STM32F1xx_HAL_Driver/Inc/Legacy -I../Drivers/CMSIS/Device/ST/STM32F1xx/Include -I../Drivers/CMSIS/Include -O0 -ffunction-sections -fdata-sections -Wall -fstack-usage -MMD -MP -MF"Drivers/STM32F1xx_HAL_Driver/Src/stm32f1xx_hal_rcc.d" -MT"Drivers/STM32F1xx_HAL_Driver/Src/stm32f1xx_hal_rcc.o" --specs=nano.specs -mfloat-abi=soft -mthumb -o "Drivers/STM32F1xx_HAL_Driver/Src/stm32f1xx_hal_rcc.o"
arm-none-eabi-gcc "../Drivers/STM32F1xx_HAL_Driver/Src/stm32f1xx_hal_rcc_ex.c" -mcpu=cortex-m3 -std=gnu11 -g3 -DDEBUG -DUSE_HAL_DRIVER -DSTM32F103x6 -c -I../Core/Inc -I../Drivers/STM32F1xx_HAL_Driver/Inc -I../Drivers/STM32F1xx_HAL_Driver/Inc/Legacy -I../Drivers/CMSIS/Device/ST/STM32F1xx/Include -I../Drivers/CMSIS/Include -O0 -ffunction-sections -fdata-sections -Wall -fstack-usage -MMD -MP -MF"Drivers/STM32F1xx_HAL_Driver/Src/stm32f1xx_hal_rcc_ex.d" -MT"Drivers/STM32F1xx_HAL_Driver/Src/stm32f1xx_hal_rcc_ex.o" --specs=nano.specs -mfloat-abi=soft -mthumb -o "Drivers/STM32F1xx_HAL_Driver/Src/stm32f1xx_hal_rcc_ex.o"
arm-none-eabi-gcc "../Drivers/STM32F1xx_HAL_Driver/Src/stm32f1xx_hal_tim.c" -mcpu=cortex-m3 -std=gnu11 -g3 -DDEBUG -DUSE_HAL_DRIVER -DSTM32F103x6 -c -I../Core/Inc -I../Drivers/STM32F1xx_HAL_Driver/Inc -I../Drivers/STM32F1xx_HAL_Driver/Inc/Legacy -I../Drivers/CMSIS/Device/ST/STM32F1xx/Include -I../Drivers/CMSIS/Include -O0 -ffunction-sections -fdata-sections -Wall -fstack-usage -MMD -MP -MF"Drivers/STM32F1xx_HAL_Driver/Src/stm32f1xx_hal_tim.d" -MT"Drivers/STM32F1xx_HAL_Driver/Src/stm32f1xx_hal_tim.o" --specs=nano.specs -mfloat-abi=soft -mthumb -o "Drivers/STM32F1xx_HAL_Driver/Src/stm32f1xx_hal_tim.o"
arm-none-eabi-gcc "../Drivers/STM32F1xx_HAL_Driver/Src/stm32f1xx_hal_tim_ex.c" -mcpu=cortex-m3 -std=gnu11 -g3 -DDEBUG -DUSE_HAL_DRIVER -DSTM32F103x6 -c -I../Core/Inc -I../Drivers/STM32F1xx_HAL_Driver/Inc -I../Drivers/STM32F1xx_HAL_Driver/Inc/Legacy -I../Drivers/CMSIS/Device/ST/STM32F1xx/Include -I../Drivers/CMSIS/Include -O0 -ffunction-sections -fdata-sections -Wall -fstack-usage -MMD -MP -MF"Drivers/STM32F1xx_HAL_Driver/Src/stm32f1xx_hal_tim_ex.d" -MT"Drivers/STM32F1xx_HAL_Driver/Src/stm32f1xx_hal_tim_ex.o" --specs=nano.specs -mfloat-abi=soft -mthumb -o "Drivers/STM32F1xx_HAL_Driver/Src/stm32f1xx_hal_tim_ex.o"
arm-none-eabi-gcc "../Core/Src/button.c" -mcpu=cortex-m3 -std=gnu11 -g3 -DDEBUG -DUSE_HAL_DRIVER -DSTM32F103x6 -c -I../Core/Inc -I../Drivers/STM32F1xx_HAL_Driver/Inc -I../Drivers/STM32F1xx_HAL_Driver/Inc/Legacy -I../Drivers/CMSIS/Device/ST/STM32F1xx/Include -I../Drivers/CMSIS/Include -O0 -ffunction-sections -fdata-sections -Wall -fstack-usage -MMD -MP -MF"Core/Src/button.d" -MT"Core/Src/button.o" --specs=nano.specs -mfloat-abi=soft -mthumb -o "Core/Src/button.o"
arm-none-eabi-gcc "../Core/Src/displayLED7.c" -mcpu=cortex-m3 -std=gnu11 -g3 -DDEBUG -DUSE_HAL_DRIVER -DSTM32F103x6 -c -I../Core/Inc -I../Drivers/STM32F1xx_HAL_Driver/Inc -I../Drivers/STM32F1xx_HAL_Driver/Inc/Legacy -I../Drivers/CMSIS/Device/ST/STM32F1xx/Include -I../Drivers/CMSIS/Include -O0 -ffunction-sections -fdata-sections -Wall -fstack-usage -MMD -MP -MF"Core/Src/displayLED7.d" -MT"Core/Src/displayLED7.o" --specs=nano.specs -mfloat-abi=soft -mthumb -o "Core/Src/displayLED7.o"
arm-none-eabi-gcc "../Core/Src/fsm_simplebutton.c" -mcpu=cortex-m3 -std=gnu11 -g3 -DDEBUG -DUSE_HAL_DRIVER -DSTM32F103x6 -c -I../Core/Inc -I../Drivers/STM32F1xx_HAL_Driver/Inc -I../Drivers/STM32F1xx_HAL_Driver/Inc/Legacy -I../Drivers/CMSIS/Device/ST/STM32F1xx/Include -I../Drivers/CMSIS/Include -O0 -ffunction-sections -fdata-sections -Wall -fstack-usage -MMD -MP -MF"Core/Src/fsm_simplebutton.d" -MT"Core/Src/fsm_simplebutton.o" --specs=nano.specs -mfloat-abi=soft -mthumb -o "Core/Src/fsm_simplebutton.o"
arm-none-eabi-gcc "../Core/Src/global.c" -mcpu=cortex-m3 -std=gnu11 -g3 -DDEBUG -DUSE_HAL_DRIVER -DSTM32F103x6 -c -I../Core/Inc -I../Drivers/STM32F1xx_HAL_Driver/Inc -I../Drivers/STM32F1xx_HAL_Driver/Inc/Legacy -I../Drivers/CMSIS/Device/ST/STM32F1xx/Include -I../Drivers/CMSIS/Include -O0 -ffunction-sections -fdata-sections -Wall -fstack-usage -MMD -MP -MF"Core/Src/global.d" -MT"Core/Src/global.o" --specs=nano.specs -mfloat-abi=soft -mthumb -o "Core/Src/global.o"
arm-none-eabi-gcc "../Core/Src/main.c" -mcpu=cortex-m3 -std=gnu11 -g3 -DDEBUG -DUSE_HAL_DRIVER -DSTM32F103x6 -c -I../Core/Inc -I../Drivers/STM32F1xx_HAL_Driver/Inc -I../Drivers/STM32F1xx_HAL_Driver/Inc/Legacy -I../Drivers/CMSIS/Device/ST/STM32F1xx/Include -I../Drivers/CMSIS/Include -O0 -ffunction-sections -fdata-sections -Wall -fstack-usage -MMD -MP -MF"Core/Src/main.d" -MT"Core/Src/main.o" --specs=nano.specs -mfloat-abi=soft -mthumb -o "Core/Src/main.o"
arm-none-eabi-gcc "../Core/Src/stm32f1xx_hal_msp.c" -mcpu=cortex-m3 -std=gnu11 -g3 -DDEBUG -DUSE_HAL_DRIVER -DSTM32F103x6 -c -I../Core/Inc -I../Drivers/STM32F1xx_HAL_Driver/Inc -I../Drivers/STM32F1xx_HAL_Driver/Inc/Legacy -I../Drivers/CMSIS/Device/ST/STM32F1xx/Include -I../Drivers/CMSIS/Include -O0 -ffunction-sections -fdata-sections -Wall -fstack-usage -MMD -MP -MF"Core/Src/stm32f1xx_hal_msp.d" -MT"Core/Src/stm32f1xx_hal_msp.o" --specs=nano.specs -mfloat-abi=soft -mthumb -o "Core/Src/stm32f1xx_hal_msp.o"
arm-none-eabi-gcc "../Core/Src/stm32f1xx_it.c" -mcpu=cortex-m3 -std=gnu11 -g3 -DDEBUG -DUSE_HAL_DRIVER -DSTM32F103x6 -c -I../Core/Inc -I../Drivers/STM32F1xx_HAL_Driver/Inc -I../Drivers/STM32F1xx_HAL_Driver/Inc/Legacy -I../Drivers/CMSIS/Device/ST/STM32F1xx/Include -I../Drivers/CMSIS/Include -O0 -ffunction-sections -fdata-sections -Wall -fstack-usage -MMD -MP -MF"Core/Src/stm32f1xx_it.d" -MT"Core/Src/stm32f1xx_it.o" --specs=nano.specs -mfloat-abi=soft -mthumb -o "Core/Src/stm32f1xx_it.o"
arm-none-eabi-gcc "../Core/Src/system_stm32f1xx.c" -mcpu=cortex-m3 -std=gnu11 -g3 -DDEBUG -DUSE_HAL_DRIVER -DSTM32F103x6 -c -I../Core/Inc -I../Drivers/STM32F1xx_HAL_Driver/Inc -I../Drivers/STM32F1xx_HAL_Driver/Inc/Legacy -I../Drivers/CMSIS/Device/ST/STM32F1xx/Include -I../Drivers/CMSIS/Include -O0 -ffunction-sections -fdata-sections -Wall -fstack-usage -MMD -MP -MF"Core/Src/system_stm32f1xx.d" -MT"Core/Src/system_stm32f1xx.o" --specs=nano.specs -mfloat-abi=soft -mthumb -o "Core/Src/system_stm32f1xx.o"
arm-none-eabi-gcc -o "midterm.elf" @"objects.list"   -mcpu=cortex-m3 -T"C:\Users\NGUYEN THANH QUI\Desktop\Midterm\midterm\STM32F103C6UX_FLASH.ld" --specs=nosys.specs -Wl,-Map="midterm.map" -Wl,--gc-sections -static --specs=nano.specs -mfloat-abi=soft -mthumb -Wl,--start-group -lc -lm -Wl,--end-group
Finished building target: midterm.elf
 
arm-none-eabi-size   midterm.elf 
arm-none-eabi-objdump -h -S  midterm.elf  > "midterm.list"
   text	   data	    bss	    dec	    hex	filename
   7344	     80	   1680	   9104	   2390	midterm.elf
Finished building: default.size.stdout
 
arm-none-eabi-objcopy  -O ihex  midterm.elf  "midterm.hex"
Finished building: midterm.list
 
[...]
arm-none-eabi-gcc "../Core/Src/global.c" -mcpu=cortex-m3 -std=gnu11 -g3 -DDEBUG -DUSE_HAL_DRIVER -DSTM32F103x6 -c -I../Core/Inc -I../Drivers/STM32F1xx_HAL_Driver/Inc -I../Drivers/STM32F1xx_HAL_Driver/Inc/Legacy -I../Drivers/CMSIS/Device/ST/STM32F1xx/Include -I../Drivers/CMSIS/Include -O0 -ffunction-sections -fdata-sections -Wall -fstack-usage -MMD -MP -MF"Core/Src/global.d" -MT"Core/Src/global.o" --specs=nano.specs -mfloat-abi=soft -mthumb -o "Core/Src/global.o"
arm-none-eabi-gcc "../Core/Src/main.c" -mcpu=cortex-m3 -std=gnu11 -g3 -DDEBUG -DUSE_HAL_DRIVER -DSTM32F103x6 -c -I../Core/Inc -I../Drivers/STM32F1xx_HAL_Driver/Inc -I../Drivers/STM32F1xx_HAL_Driver/Inc/Legacy -I../Drivers/CMSIS/Device/ST/STM32F1xx/Include -I../Drivers/CMSIS/Include -O0 -ffunction-sections -fdata-sections -Wall -fstack-usage -MMD -MP -MF"Core/Src/main.d" -MT"Core/Src/main.o" --specs=nano.specs -mfloat-abi=soft -mthumb -o "Core/Src/main.o"
arm-none-eabi-gcc -o "midterm.elf" @"objects.list"   -mcpu=cortex-m3 -T"C:\Users\NGUYEN THANH QUI\Desktop\Midterm\midterm\STM32F103C6UX_FLASH.ld" --specs=nosys.specs -Wl,-Map="midterm.map" -Wl,--gc-sections -static --specs=nano.specs -mfloat-abi=soft -mthumb -Wl,--start-group -lc -lm -Wl,--end-group
Finished building target: midterm.elf
 
arm-none-eabi-size   midterm.elf 
arm-none-eabi-objdump -h -S  midterm.elf  > "midterm.list"
   text	   data	    bss	    dec	    hex	filename
   8936	     76	   1692	  10704	   29d0	midterm.elf
Finished building: default.size.stdout
 
arm-none-eabi-objcopy  -O ihex  midterm.elf  "midterm.hex"
Finished building: midterm.list
 
arm-none-eabi-objcopy  -O binary  midterm.elf  "midterm.bin"
Finished building: midterm.hex
 
Finished building: midterm.bin
 
21:21:17 **** Incremental Build of configuration Debug for project midterm ****
make -j2 all 
arm-none-eabi-gcc "../Core/Src/main.c" -mcpu=cortex-m3 -std=gnu11 -g3 -DDEBUG -DUSE_HAL_DRIVER -DSTM32F103x6 -c -I../Core/Inc -I../Drivers/STM32F1xx_HAL_Driver/Inc -I../Drivers/STM32F1xx_HAL_Driver/Inc/Legacy -I../Drivers/CMSIS/Device/ST/STM32F1xx/Include -I../Drivers/CMSIS/Include -O0 -ffunction-sections -fdata-sections -Wall -fstack-usage -MMD -MP -MF"Core/Src/main.d" -MT"Core/Src/main.o" --specs=nano.specs -mfloat-abi=soft -mthumb -o "Core/Src/main.o"
arm-none-eabi-gcc -o "midterm.elf" @"objects.list"   -mcpu=cortex-m3 -T"C:\Users\NGUYEN THANH QUI\Desktop\Midterm\midterm\STM32F103C6UX_FLASH.ld" --specs=nosys.specs -Wl,-Map="midterm.map" -Wl,--gc-sections -static --specs=nano.specs -mfloat-abi=soft -mthumb -Wl,--start-group -lc -lm -Wl,--end-group
Finished building target: midterm.elf
 
arm-none-eabi-size   midterm.elf 
arm-none-eabi-objdump -h -S  midterm.elf  > "midterm.list"
   text	   data	    bss	    dec	    hex	filename
   8944	     76	   1692	  10712	   29d8	midterm.elf
Finished building: default.size.stdout
Finished building: midterm.list
 
 
arm-none-eabi-objcopy  -O ihex  midterm.elf  "midterm.hex"
arm-none-eabi-objcopy  -O binary  midterm.elf  "midterm.bin"
Finished building: midterm.hex
Finished building: midterm.bin
 
 
21:24:52 **** Incremental Build of configuration Debug for project midterm ****
make -j2 all 
arm-none-eabi-gcc "../Core/Src/displayLED7.c" -mcpu=cortex-m3 -std=gnu11 -g3 -DDEBUG -DUSE_HAL_DRIVER -DSTM32F103x6 -c -I../Core/Inc -I../Drivers/STM32F1xx_HAL_Driver/Inc -I../Drivers/STM32F1xx_HAL_Driver/Inc/Legacy -I../Drivers/CMSIS/Device/ST/STM32F1xx/Include -I../Drivers/CMSIS/Include -O0 -ffunction-sections -fdata-sections -Wall -fstack-usage -MMD -MP -MF"Core/Src/displayLED7.d" -MT"Core/Src/displayLED7.o" --specs=nano.specs -mfloat-abi=soft -mthumb -o "Core/Src/displayLED7.o"
arm-none-eabi-gcc -o "midterm.elf" @"objects.list"   -mcpu=cortex-m3 -T"C:\Users\NGUYEN THANH QUI\Desktop\Midterm\midterm\STM32F103C6UX_FLASH.ld" --specs=nosys.specs -Wl,-Map="midterm.map" -Wl,--gc-sections -static --specs=nano.specs -mfloat-abi=soft -mthumb -Wl,--start-group -lc -lm -Wl,--end-group
Finished building target: midterm.elf
 
arm-none-eabi-size   midterm.elf 
arm-none-eabi-objdump -h -S  midterm.elf  > "midterm.list"
   text	   data	    bss	    dec	    hex	filename
   8960	     76	   1692	  10728	   29e8	midterm.elf
Finished building: default.size.stdout
Finished building: midterm.list
 
arm-none-eabi-objcopy  -O ihex  midterm.elf  "midterm.hex"
 
arm-none-eabi-objcopy  -O binary  midterm.elf  "midterm.bin"
Finished building: midterm.hex
 
Finished building: midterm.bin
 
21:31:54 **** Incremental Build of configuration Debug for project midterm ****
make -j2 all 
arm-none-eabi-gcc "../Core/Src/displayLED7.c" -mcpu=cortex-m3 -std=gnu11 -g3 -DDEBUG -DUSE_HAL_DRIVER -DSTM32F103x6 -c -I../Core/Inc -I../Drivers/STM32F1xx_HAL_Driver/Inc -I../Drivers/STM32F1xx_HAL_Driver/Inc/Legacy -I../Drivers/CMSIS/Device/ST/STM32F1xx/Include -I../Drivers/CMSIS/Include -O0 -ffunction-sections -fdata-sections -Wall -fstack-usage -MMD -MP -MF"Core/Src/displayLED7.d" -MT"Core/Src/displayLED7.o" --specs=nano.specs -mfloat-abi=soft -mthumb -o "Core/Src/displayLED7.o"
arm-none-eabi-gcc "../Core/Src/fsm_simplebutton.c" -mcpu=cortex-m3 -std=gnu11 -g3 -DDEBUG -DUSE_HAL_DRIVER -DSTM32F103x6 -c -I../Core/Inc -I../Drivers/STM32F1xx_HAL_Driver/Inc -I../Drivers/STM32F1xx_HAL_Driver/Inc/Legacy -I../Drivers/CMSIS/Device/ST/STM32F1xx/Include -I../Drivers/CMSIS/Include -O0 -ffunction-sections -fdata-sections -Wall -fstack-usage -MMD -MP -MF"Core/Src/fsm_simplebutton.d" -MT"Core/Src/fsm_simplebutton.o" --specs=nano.specs -mfloat-abi=soft -mthumb -o "Core/Src/fsm_simplebutton.o"
../Core/Src/fsm_simplebutton.c: In function 'fsm_led_blink':
../Core/Src/fsm_simplebutton.c:75:2: error: 'default' label not within a switch statement
   75 |  default: break;
      |  ^~~~~~~
../Core/Src/fsm_simplebutton.c:75:11: error: break statement not within loop or switch
   75 |  default: break;
      |           ^~~~~
make: *** [Core/Src/subdir.mk:49: Core/Src/fsm_simplebutton.o] Error 1
make: *** Waiting for unfinished jobs....
"make -j2 all" terminated with exit code 2. Build might be incomplete.
21:32:19 **** Incremental Build of configuration Debug for project midterm ****
make -j2 all 
arm-none-eabi-gcc "../Core/Src/fsm_simplebutton.c" -mcpu=cortex-m3 -std=gnu11 -g3 -DDEBUG -DUSE_HAL_DRIVER -DSTM32F103x6 -c -I../Core/Inc -I../Drivers/STM32F1xx_HAL_Driver/Inc -I../Drivers/STM32F1xx_HAL_Driver/Inc/Legacy -I../Drivers/CMSIS/Device/ST/STM32F1xx/Include -I../Drivers/CMSIS/Include -O0 -ffunction-sections -fdata-sections -Wall -fstack-usage -MMD -MP -MF"Core/Src/fsm_simplebutton.d" -MT"Core/Src/fsm_simplebutton.o" --specs=nano.specs -mfloat-abi=soft -mthumb -o "Core/Src/fsm_simplebutton.o"
arm-none-eabi-gcc "../Core/Src/global.c" -mcpu=cortex-m3 -std=gnu11 -g3 -DDEBUG -DUSE_HAL_DRIVER -DSTM32F103x6 -c -I../Core/Inc -I../Drivers/STM32F1xx_HAL_Driver/Inc -I../Drivers/STM32F1xx_HAL_Driver/Inc/Legacy -I../Drivers/CMSIS/Device/ST/STM32F1xx/Include -I../Drivers/CMSIS/Include -O0 -ffunction-sections -fdata-sections -Wall -fstack-usage -MMD -MP -MF"Core/Src/global.d" -MT"Core/Src/global.o" --specs=nano.specs -mfloat-abi=soft -mthumb -o "Core/Src/global.o"
arm-none-eabi-gcc "../Core/Src/main.c" -mcpu=cortex-m3 -std=gnu11 -g3 -DDEBUG -DUSE_HAL_DRIVER -DSTM32F103x6 -c -I../Core/Inc -I../Drivers/STM32F1xx_HAL_Driver/Inc -I../Drivers/STM32F1xx_HAL_Driver/Inc/Legacy -I../Drivers/CMSIS/Device/ST/STM32F1xx/Include -I../Drivers/CMSIS/Include -O0 -ffunction-sections -fdata-sections -Wall -fstack-usage -MMD -MP -MF"Core/Src/main.d" -MT"Core/Src/main.o" --specs=nano.specs -mfloat-abi=soft -mthumb -o "Core/Src/main.o"
../Core/Src/main.c: In function 'HAL_TIM_PeriodElapsedCallback':
../Core/Src/main.c:250:2: warning: implicit declaration of function 'debugLed' [-Wimplicit-function-declaration]
  250 |  debugLed();
      |  ^~~~~~~~
arm-none-eabi-gcc -o "midterm.elf" @"objects.list"   -mcpu=cortex-m3 -T"C:\Users\NGUYEN THANH QUI\Desktop\Midterm\midterm\STM32F103C6UX_FLASH.ld" --specs=nosys.specs -Wl,-Map="midterm.map" -Wl,--gc-sections -static --specs=nano.specs -mfloat-abi=soft -mthumb -Wl,--start-group -lc -lm -Wl,--end-group
c:\st\stm32cubeide_1.7.0\stm32cubeide\plugins\com.st.stm32cube.ide.mcu.externaltools.gnu-tools-for-stm32.9-2020-q2-update.win32_2.0.0.202105311346\tools\arm-none-eabi\bin\ld.exe: ./Core/Src/main.o: in function `HAL_TIM_PeriodElapsedCallback':
C:/Users/NGUYEN THANH QUI/Desktop/Midterm/midterm/Debug/../Core/Src/main.c:250: undefined reference to `debugLed'
collect2.exe: error: ld returned 1 exit status
make: *** [makefile:68: midterm.elf] Error 1
"make -j2 all" terminated with exit code 2. Build might be incomplete.
21:32:34 **** Incremental Build of configuration Debug for project midterm ****
make -j2 all 
arm-none-eabi-gcc "../Core/Src/main.c" -mcpu=cortex-m3 -std=gnu11 -g3 -DDEBUG -DUSE_HAL_DRIVER -DSTM32F103x6 -c -I../Core/Inc -I../Drivers/STM32F1xx_HAL_Driver/Inc -I../Drivers/STM32F1xx_HAL_Driver/Inc/Legacy -I../Drivers/CMSIS/Device/ST/STM32F1xx/Include -I../Drivers/CMSIS/Include -O0 -ffunction-sections -fdata-sections -Wall -fstack-usage -MMD -MP -MF"Core/Src/main.d" -MT"Core/Src/main.o" --specs=nano.specs -mfloat-abi=soft -mthumb -o "Core/Src/main.o"
arm-none-eabi-gcc -o "midterm.elf" @"objects.list"   -mcpu=cortex-m3 -T"C:\Users\NGUYEN THANH QUI\Desktop\Midterm\midterm\STM32F103C6UX_FLASH.ld" --specs=nosys.specs -Wl,-Map="midterm.map" -Wl,--gc-sections -static --specs=nano.specs -mfloat-abi=soft -mthumb -Wl,--start-group -lc -lm -Wl,--end-group
Finished building target: midterm.elf
 
arm-none-eabi-size   midterm.elf 
arm-none-eabi-objdump -h -S  midterm.elf  > "midterm.list"
   text	   data	    bss	    dec	    hex	filename
   8900	     76	   1692	  10668	   29ac	midterm.elf
Finished building: default.size.stdout
Finished building: midterm.list
 
arm-none-eabi-objcopy  -O ihex  midterm.elf  "midterm.hex"
 
arm-none-eabi-objcopy  -O binary  midterm.elf  "midterm.bin"
Finished building: midterm.hex
 
Finished building: midterm.bin
 
21:33:23 **** Incremental Build of configuration Debug for project midterm ****
make -j2 all 
arm-none-eabi-gcc "../Core/Src/fsm_simplebutton.c" -mcpu=cortex-m3 -std=gnu11 -g3 -DDEBUG -DUSE_HAL_DRIVER -DSTM32F103x6 -c -I../Core/Inc -I../Drivers/STM32F1xx_HAL_Driver/Inc -I../Drivers/STM32F1xx_HAL_Driver/Inc/Legacy -I../Drivers/CMSIS/Device/ST/STM32F1xx/Include -I../Drivers/CMSIS/Include -O0 -ffunction-sections -fdata-sections -Wall -fstack-usage -MMD -MP -MF"Core/Src/fsm_simplebutton.d" -MT"Core/Src/fsm_simplebutton.o" --specs=nano.specs -mfloat-abi=soft -mthumb -o "Core/Src/fsm_simplebutton.o"
arm-none-eabi-gcc -o "midterm.elf" @"objects.list"   -mcpu=cortex-m3 -T"C:\Users\NGUYEN THANH QUI\Desktop\Midterm\midterm\STM32F103C6UX_FLASH.ld" --specs=nosys.specs -Wl,-Map="midterm.map" -Wl,--gc-sections -static --specs=nano.specs -mfloat-abi=soft -mthumb -Wl,--start-group -lc -lm -Wl,--end-group
Finished building target: midterm.elf
 
arm-none-eabi-size   midterm.elf 
arm-none-eabi-objdump -h -S  midterm.elf  > "midterm.list"
   text	   data	    bss	    dec	    hex	filename
   8956	     76	   1692	  10724	   29e4	midterm.elf
Finished building: default.size.stdout
 
arm-none-eabi-objcopy  -O ihex  midterm.elf  "midterm.hex"
Finished building: midterm.list
 
arm-none-eabi-objcopy  -O binary  midterm.elf  "midterm.bin"
Finished building: midterm.hex
 
Finished building: midterm.bin
 
21:34:32 **** Incremental Build of configuration Debug for project midterm ****
make -j2 all 
arm-none-eabi-gcc "../Core/Src/fsm_simplebutton.c" -mcpu=cortex-m3 -std=gnu11 -g3 -DDEBUG -DUSE_HAL_DRIVER -DSTM32F103x6 -c -I../Core/Inc -I../Drivers/STM32F1xx_HAL_Driver/Inc -I../Drivers/STM32F1xx_HAL_Driver/Inc/Legacy -I../Drivers/CMSIS/Device/ST/STM32F1xx/Include -I../Drivers/CMSIS/Include -O0 -ffunction-sections -fdata-sections -Wall -fstack-usage -MMD -MP -MF"Core/Src/fsm_simplebutton.d" -MT"Core/Src/fsm_simplebutton.o" --specs=nano.specs -mfloat-abi=soft -mthumb -o "Core/Src/fsm_simplebutton.o"
arm-none-eabi-gcc "../Core/Src/main.c" -mcpu=cortex-m3 -std=gnu11 -g3 -DDEBUG -DUSE_HAL_DRIVER -DSTM32F103x6 -c -I../Core/Inc -I../Drivers/STM32F1xx_HAL_Driver/Inc -I../Drivers/STM32F1xx_HAL_Driver/Inc/Legacy -I../Drivers/CMSIS/Device/ST/STM32F1xx/Include -I../Drivers/CMSIS/Include -O0 -ffunction-sections -fdata-sections -Wall -fstack-usage -MMD -MP -MF"Core/Src/main.d" -MT"Core/Src/main.o" --specs=nano.specs -mfloat-abi=soft -mthumb -o "Core/Src/main.o"
arm-none-eabi-gcc -o "midterm.elf" @"objects.list"   -mcpu=cortex-m3 -T"C:\Users\NGUYEN THANH QUI\Desktop\Midterm\midterm\STM32F103C6UX_FLASH.ld" --specs=nosys.specs -Wl,-Map="midterm.map" -Wl,--gc-sections -static --specs=nano.specs -mfloat-abi=soft -mthumb -Wl,--start-group -lc -lm -Wl,--end-group
Finished building target: midterm.elf
 
arm-none-eabi-size   midterm.elf 
arm-none-eabi-objdump -h -S  midterm.elf  > "midterm.list"
   text	   data	    bss	    dec	    hex	filename
   8980	     76	   1692	  10748	   29fc	midterm.elf
Finished building: default.size.stdout
 
Finished building: midterm.list
arm-none-eabi-objcopy  -O ihex  midterm.elf  "midterm.hex"
 
arm-none-eabi-objcopy  -O binary  midterm.elf  "midterm.bin"
Finished building: midterm.hex
Finished building: midterm.bin
 
 
00:01:56 **** Incremental Build of configuration Debug for project midterm ****
make -j2 all 
arm-none-eabi-gcc "../Core/Src/fsm_simplebutton.c" -mcpu=cortex-m3 -std=gnu11 -g3 -DDEBUG -DUSE_HAL_DRIVER -DSTM32F103x6 -c -I../Core/Inc -I../Drivers/STM32F1xx_HAL_Driver/Inc -I../Drivers/STM32F1xx_HAL_Driver/Inc/Legacy -I../Drivers/CMSIS/Device/ST/STM32F1xx/Include -I../Drivers/CMSIS/Include -O0 -ffunction-sections -fdata-sections -Wall -fstack-usage -MMD -MP -MF"Core/Src/fsm_simplebutton.d" -MT"Core/Src/fsm_simplebutton.o" --specs=nano.specs -mfloat-abi=soft -mthumb -o "Core/Src/fsm_simplebutton.o"
arm-none-eabi-gcc "../Core/Src/main.c" -mcpu=cortex-m3 -std=gnu11 -g3 -DDEBUG -DUSE_HAL_DRIVER -DSTM32F103x6 -c -I../Core/Inc -I../Drivers/STM32F1xx_HAL_Driver/Inc -I../Drivers/STM32F1xx_HAL_Driver/Inc/Legacy -I../Drivers/CMSIS/Device/ST/STM32F1xx/Include -I../Drivers/CMSIS/Include -O0 -ffunction-sections -fdata-sections -Wall -fstack-usage -MMD -MP -MF"Core/Src/main.d" -MT"Core/Src/main.o" --specs=nano.specs -mfloat-abi=soft -mthumb -o "Core/Src/main.o"
arm-none-eabi-gcc -o "midterm.elf" @"objects.list"   -mcpu=cortex-m3 -T"C:\Users\NGUYEN THANH QUI\Desktop\Midterm\midterm\STM32F103C6UX_FLASH.ld" --specs=nosys.specs -Wl,-Map="midterm.map" -Wl,--gc-sections -static --specs=nano.specs -mfloat-abi=soft -mthumb -Wl,--start-group -lc -lm -Wl,--end-group
Finished building target: midterm.elf
 
arm-none-eabi-size   midterm.elf 
arm-none-eabi-objdump -h -S  midterm.elf  > "midterm.list"
   text	   data	    bss	    dec	    hex	filename
   8980	     76	   1692	  10748	   29fc	midterm.elf
Finished building: default.size.stdout
 
arm-none-eabi-objcopy  -O ihex  midterm.elf  "midterm.hex"
Finished building: midterm.list
 
arm-none-eabi-objcopy  -O binary  midterm.elf  "midterm.bin"
Finished building: midterm.hex
 
Finished building: midterm.bin
 
00:04:22 **** Incremental Build of configuration Debug for project midterm ****
make -j2 all 
arm-none-eabi-gcc "../Core/Src/fsm_simplebutton.c" -mcpu=cortex-m3 -std=gnu11 -g3 -DDEBUG -DUSE_HAL_DRIVER -DSTM32F103x6 -c -I../Core/Inc -I../Drivers/STM32F1xx_HAL_Driver/Inc -I../Drivers/STM32F1xx_HAL_Driver/Inc/Legacy -I../Drivers/CMSIS/Device/ST/STM32F1xx/Include -I../Drivers/CMSIS/Include -O0 -ffunction-sections -fdata-sections -Wall -fstack-usage -MMD -MP -MF"Core/Src/fsm_simplebutton.d" -MT"Core/Src/fsm_simplebutton.o" --specs=nano.specs -mfloat-abi=soft -mthumb -o "Core/Src/fsm_simplebutton.o"
arm-none-eabi-gcc -o "midterm.elf" @"objects.list"   -mcpu=cortex-m3 -T"C:\Users\NGUYEN THANH QUI\Desktop\Midterm\midterm\STM32F103C6UX_FLASH.ld" --specs=nosys.specs -Wl,-Map="midterm.map" -Wl,--gc-sections -static --specs=nano.specs -mfloat-abi=soft -mthumb -Wl,--start-group -lc -lm -Wl,--end-group
Finished building target: midterm.elf
 
arm-none-eabi-size   midterm.elf 
arm-none-eabi-objdump -h -S  midterm.elf  > "midterm.list"
   text	   data	    bss	    dec	    hex	filename
   8988	     76	   1692	  10756	   2a04	midterm.elf
Finished building: default.size.stdout
 
arm-none-eabi-objcopy  -O ihex  midterm.elf  "midterm.hex"
Finished building: midterm.list
 
arm-none-eabi-objcopy  -O binary  midterm.elf  "midterm.bin"
Finished building: midterm.hex
Finished building: midterm.bin
 
 
00:06:27 **** Incremental Build of configuration Debug for project midterm ****
make -j2 all 
arm-none-eabi-gcc "../Core/Src/fsm_simplebutton.c" -mcpu=cortex-m3 -std=gnu11 -g3 -DDEBUG -DUSE_HAL_DRIVER -DSTM32F103x6 -c -I../Core/Inc -I../Drivers/STM32F1xx_HAL_Driver/Inc -I../Drivers/STM32F1xx_HAL_Driver/Inc/Legacy -I../Drivers/CMSIS/Device/ST/STM32F1xx/Include -I../Drivers/CMSIS/Include -O0 -ffunction-sections -fdata-sections -Wall -fstack-usage -MMD -MP -MF"Core/Src/fsm_simplebutton.d" -MT"Core/Src/fsm_simplebutton.o" --specs=nano.specs -mfloat-abi=soft -mthumb -o "Core/Src/fsm_simplebutton.o"
arm-none-eabi-gcc -o "midterm.elf" @"objects.list"   -mcpu=cortex-m3 -T"C:\Users\NGUYEN THANH QUI\Desktop\Midterm\midterm\STM32F103C6UX_FLASH.ld" --specs=nosys.specs -Wl,-Map="midterm.map" -Wl,--gc-sections -static --specs=nano.specs -mfloat-abi=soft -mthumb -Wl,--start-group -lc -lm -Wl,--end-group
Finished building target: midterm.elf
 
arm-none-eabi-size   midterm.elf 
arm-none-eabi-objdump -h -S  midterm.elf  > "midterm.list"
   text	   data	    bss	    dec	    hex	filename
   8996	     76	   1692	  10764	   2a0c	midterm.elf
Finished building: default.size.stdout
 
arm-none-eabi-objcopy  -O ihex  midterm.elf  "midterm.hex"
Finished building: midterm.list
 
arm-none-eabi-objcopy  -O binary  midterm.elf  "midterm.bin"
Finished building: midterm.hex
 
Finished building: midterm.bin
 
01:19:19 **** Incremental Build of configuration Debug for project midterm ****
make -j2 all 
arm-none-eabi-gcc "../Core/Src/button.c" -mcpu=cortex-m3 -std=gnu11 -g3 -DDEBUG -DUSE_HAL_DRIVER -DSTM32F103x6 -c -I../Core/Inc -I../Drivers/STM32F1xx_HAL_Driver/Inc -I../Drivers/STM32F1xx_HAL_Driver/Inc/Legacy -I../Drivers/CMSIS/Device/ST/STM32F1xx/Include -I../Drivers/CMSIS/Include -O0 -ffunction-sections -fdata-sections -Wall -fstack-usage -MMD -MP -MF"Core/Src/button.d" -MT"Core/Src/button.o" --specs=nano.specs -mfloat-abi=soft -mthumb -o "Core/Src/button.o"
arm-none-eabi-gcc "../Core/Src/fsm_simplebutton.c" -mcpu=cortex-m3 -std=gnu11 -g3 -DDEBUG -DUSE_HAL_DRIVER -DSTM32F103x6 -c -I../Core/Inc -I../Drivers/STM32F1xx_HAL_Driver/Inc -I../Drivers/STM32F1xx_HAL_Driver/Inc/Legacy -I../Drivers/CMSIS/Device/ST/STM32F1xx/Include -I../Drivers/CMSIS/Include -O0 -ffunction-sections -fdata-sections -Wall -fstack-usage -MMD -MP -MF"Core/Src/fsm_simplebutton.d" -MT"Core/Src/fsm_simplebutton.o" --specs=nano.specs -mfloat-abi=soft -mthumb -o "Core/Src/fsm_simplebutton.o"
arm-none-eabi-gcc -o "midterm.elf" @"objects.list"   -mcpu=cortex-m3 -T"C:\Users\NGUYEN THANH QUI\Desktop\Midterm\midterm\STM32F103C6UX_FLASH.ld" --specs=nosys.specs -Wl,-Map="midterm.map" -Wl,--gc-sections -static --specs=nano.specs -mfloat-abi=soft -mthumb -Wl,--start-group -lc -lm -Wl,--end-group
Finished building target: midterm.elf
 
arm-none-eabi-size   midterm.elf 
arm-none-eabi-objdump -h -S  midterm.elf  > "midterm.list"
   text	   data	    bss	    dec	    hex	filename
   8996	     76	   1692	  10764	   2a0c	midterm.elf
Finished building: default.size.stdout
 
arm-none-eabi-objcopy  -O ihex  midterm.elf  "midterm.hex"
Finished building: midterm.list
 
arm-none-eabi-objcopy  -O binary  midterm.elf  "midterm.bin"
Finished building: midterm.hex
 
Finished building: midterm.bin
 
