01:19:19 **** Incremental Build of configuration Debug for project midterm ****
make -j2 all 
arm-none-eabi-gcc "../Core/Src/button.c" -mcpu=cortex-m3 -std=gnu11 -g3 -DDEBUG -DUSE_HAL_DRIVER -DSTM32F103x6 -c -I../Core/Inc -I../Drivers/STM32F1xx_HAL_Driver/Inc -I../Drivers/STM32F1xx_HAL_Driver/Inc/Legacy -I../Drivers/CMSIS/Device/ST/STM32F1xx/Include -I../Drivers/CMSIS/Include -O0 -ffunction-sections -fdata-sections -Wall -fstack-usage -MMD -MP -MF"Core/Src/button.d" -MT"Core/Src/button.o" --specs=nano.specs -mfloat-abi=soft -mthumb -o "Core/Src/button.o"
arm-none-eabi-gcc "../Core/Src/fsm_simplebutton.c" -mcpu=cortex-m3 -std=gnu11 -g3 -DDEBUG -DUSE_HAL_DRIVER -DSTM32F103x6 -c -I../Core/Inc -I../Drivers/STM32F1xx_HAL_Driver/Inc -I../Drivers/STM32F1xx_HAL_Driver/Inc/Legacy -I../Drivers/CMSIS/Device/ST/STM32F1xx/Include -I../Drivers/CMSIS/Include -O0 -ffunction-sections -fdata-sections -Wall -fstack-usage -MMD -MP -MF"Core/Src/fsm_simplebutton.d" -MT"Core/Src/fsm_simplebutton.o" --specs=nano.specs -mfloat-abi=soft -mthumb -o "Core/Src/fsm_simplebutton.o"
arm-none-eabi-gcc -o "midterm.elf" @"objects.list"   -mcpu=cortex-m3 -T"C:\Users\NGUYEN THANH QUI\Desktop\Midterm\midterm\STM32F103C6UX_FLASH.ld" --specs=nosys.specs -Wl,-Map="midterm.map" -Wl,--gc-sections -static --specs=nano.specs -mfloat-abi=soft -mthumb -Wl,--start-group -lc -lm -Wl,--end-group
Finished building target: midterm.elf
 
arm-none-eabi-size   midterm.elf 
arm-none-eabi-objdump -h -S  midterm.elf  > "midterm.list"
   text	   data	    bss	    dec	    hex	filename
   8996	     76	   1692	  10764	   2a0c	midterm.elf
Finished building: default.size.stdout
 
arm-none-eabi-objcopy  -O ihex  midterm.elf  "midterm.hex"
Finished building: midterm.list
 
arm-none-eabi-objcopy  -O binary  midterm.elf  "midterm.bin"
Finished building: midterm.hex
 
Finished building: midterm.bin
 

01:19:22 Build Finished. 0 errors, 0 warnings. (took 2s.940ms)

